ARM Linker, 5.03 [Build 76] [MDK-ARM Professional]

==============================================================================

Section Cross References

    startup.o(STACK) refers (Special) to heapauxi.o(.text) for __use_two_region_memory
    startup.o(HEAP) refers (Special) to heapauxi.o(.text) for __use_two_region_memory
    startup.o(RESET) refers (Special) to heapauxi.o(.text) for __use_two_region_memory
    startup.o(RESET) refers to startup.o(STACK) for StackMem
    startup.o(RESET) refers to sound.o(i.SysTick_Handler) for SysTick_Handler
    startup.o(RESET) refers to sound.o(i.Timer0A_Handler) for Timer0A_Handler
    startup.o(RESET) refers to timer1.o(i.Timer1A_Handler) for Timer1A_Handler
    startup.o(RESET) refers to __main.o(!!!main) for __main
    startup.o(.text) refers (Special) to heapauxi.o(.text) for __use_two_region_memory
    startup.o(.text) refers to startup.o(HEAP) for HeapMem
    startup.o(.text) refers to startup.o(STACK) for StackMem
    random.o(.text) refers to random.o(DATA) for M
    timer1.o(i.Timer1A_Handler) refers to timer1.o(.data) for PeriodicTask1
    timer1.o(i.Timer1_Init) refers to timer1.o(.data) for PeriodicTask1
    sound.o(i.Sound_Init) refers to dac.o(i.DAC_Init) for DAC_Init
    sound.o(i.Sound_Init) refers to sound.o(i.Timer0_Init) for Timer0_Init
    sound.o(i.Sound_Init) refers to sound.o(.constdata) for shoot
    sound.o(i.Sound_Init) refers to sound.o(.bss) for sound
    sound.o(i.Sound_Init) refers to sound.o(i.UserFunction) for UserFunction
    sound.o(i.Sound_Killed) refers to sound.o(i.Sound_Play) for Sound_Play
    sound.o(i.Sound_Killed) refers to sound.o(.constdata) for invaderkilled
    sound.o(i.Sound_Play) refers to sound.o(.bss) for sound
    sound.o(i.Sound_Shoot) refers to sound.o(i.Sound_Play) for Sound_Play
    sound.o(i.Sound_Shoot) refers to sound.o(.constdata) for shoot
    sound.o(i.SysTick_Handler) refers to dac.o(i.DAC_Out) for DAC_Out
    sound.o(i.SysTick_Handler) refers to sound.o(.bss) for sound
    sound.o(i.SysTick_Handler) refers to sound.o(.data) for i
    sound.o(i.Timer0A_Handler) refers to sound.o(.data) for PeriodicTask0
    sound.o(i.Timer0_Init) refers to sound.o(.data) for PeriodicTask0
    sound.o(i.UserFunction) refers to dac.o(i.DAC_Out) for DAC_Out
    sound.o(i.UserFunction) refers to sound.o(.bss) for sound
    print.o(.text) refers (Special) to st7735.o(i.ST7735_OutChar) for ST7735_OutChar
    print.o(.text) refers (Special) to st7735.o(i.ST7735_OutString) for ST7735_OutString
    spaceinvaders.o(i.Check_Gun_Buttons) refers to spaceinvaders.o(i.Create_Bullet) for Create_Bullet
    spaceinvaders.o(i.Check_Gun_Buttons) refers to spaceinvaders.o(.bss) for Bullets
    spaceinvaders.o(i.Check_Gun_Buttons) refers to spaceinvaders.o(.data) for bullet_count
    spaceinvaders.o(i.Create_Bullet) refers to spaceinvaders.o(.bss) for Bullets
    spaceinvaders.o(i.Create_Enemy) refers to spaceinvaders.o(.bss) for Enemies
    spaceinvaders.o(i.Enemy_Track) refers to spaceinvaders.o(i.enemy_collision) for enemy_collision
    spaceinvaders.o(i.Enemy_Track) refers to spaceinvaders.o(.bss) for Player
    spaceinvaders.o(i.Input_Joystick) refers to adc.o(i.ADC_In) for ADC_In
    spaceinvaders.o(i.Input_Joystick) refers to spaceinvaders.o(.data) for Move
    spaceinvaders.o(i.Input_PlayerMove) refers to spaceinvaders.o(.data) for ADCStatus
    spaceinvaders.o(i.LCD_RemoveBullet) refers to st7735.o(i.ST7735_FillRect) for ST7735_FillRect
    spaceinvaders.o(i.LCD_RemoveChar) refers to st7735.o(i.ST7735_FillRect) for ST7735_FillRect
    spaceinvaders.o(i.LCD_RemovePower) refers to st7735.o(i.ST7735_FillRect) for ST7735_FillRect
    spaceinvaders.o(i.Move_Bullets) refers to st7735.o(i.ST7735_DrawBitmap) for ST7735_DrawBitmap
    spaceinvaders.o(i.Move_Bullets) refers to spaceinvaders.o(.bss) for Bullets
    spaceinvaders.o(i.Move_Bullets) refers to spaceinvaders.o(.data) for DOWN
    spaceinvaders.o(i.Move_Enemies) refers to spaceinvaders.o(i.Enemy_Track) for Enemy_Track
    spaceinvaders.o(i.Move_Enemies) refers to st7735.o(i.ST7735_DrawBitmap) for ST7735_DrawBitmap
    spaceinvaders.o(i.Move_Enemies) refers to spaceinvaders.o(.bss) for Enemies
    spaceinvaders.o(i.Move_Enemies) refers to spaceinvaders.o(.data) for walk
    spaceinvaders.o(i.POWER_UP) refers to spaceinvaders.o(.data) for Power_On
    spaceinvaders.o(i.POWER_UP) refers to spaceinvaders.o(.bss) for Power
    spaceinvaders.o(i.PlayerMove) refers to spaceinvaders.o(i.Input_PlayerMove) for Input_PlayerMove
    spaceinvaders.o(i.PlayerMove) refers to spaceinvaders.o(.data) for UP
    spaceinvaders.o(i.PlayerMove) refers to spaceinvaders.o(.bss) for Player
    spaceinvaders.o(i.Power_Down) refers to spaceinvaders.o(.data) for Power_On
    spaceinvaders.o(i.Power_Layering) refers to spaceinvaders.o(i.Enemy_Power_C) for Enemy_Power_C
    spaceinvaders.o(i.Power_Layering) refers to spaceinvaders.o(i.Print_Power) for Print_Power
[...]
    spaceinvaders.o(i.enemy_init) refers to spaceinvaders.o(.bss) for Enemies
    spaceinvaders.o(i.enemy_init) refers to spaceinvaders.o(.constdata) for LeftEnemy
    spaceinvaders.o(i.main) refers to pll.o(i.PLL_Init) for PLL_Init
    spaceinvaders.o(i.main) refers to st7735.o(i.Output_Init) for Output_Init
    spaceinvaders.o(i.main) refers to adc.o(i.ADC_Init) for ADC_Init
    spaceinvaders.o(i.main) refers to spaceinvaders.o(i.PortD_Init) for PortD_Init
    spaceinvaders.o(i.main) refers to random.o(.text) for Random_Init
    spaceinvaders.o(i.main) refers to timer1.o(i.Timer1_Init) for Timer1_Init
    spaceinvaders.o(i.main) refers to spaceinvaders.o(i.char_init) for char_init
    spaceinvaders.o(i.main) refers to spaceinvaders.o(i.bullet_init) for bullet_init
    spaceinvaders.o(i.main) refers to spaceinvaders.o(i.enemy_init) for enemy_init
    spaceinvaders.o(i.main) refers to st7735.o(i.ST7735_DrawBitmap) for ST7735_DrawBitmap
    spaceinvaders.o(i.main) refers to st7735.o(i.ST7735_FillScreen) for ST7735_FillScreen
    spaceinvaders.o(i.main) refers to spaceinvaders.o(i.Delay100ms) for Delay100ms
    spaceinvaders.o(i.main) refers to spaceinvaders.o(i.Scoreboard_Update) for Scoreboard_Update
    spaceinvaders.o(i.main) refers to spaceinvaders.o(i.Spawn_Enemies) for Spawn_Enemies
    spaceinvaders.o(i.main) refers to spaceinvaders.o(i.Move_Enemies) for Move_Enemies
    spaceinvaders.o(i.main) refers to spaceinvaders.o(i.Check_Gun_Buttons) for Check_Gun_Buttons
    spaceinvaders.o(i.main) refers to spaceinvaders.o(i.Move_Bullets) for Move_Bullets
    spaceinvaders.o(i.main) refers to spaceinvaders.o(i.enemy_collision) for enemy_collision
    spaceinvaders.o(i.main) refers to spaceinvaders.o(i.LCD_RemoveChar) for LCD_RemoveChar
    spaceinvaders.o(i.main) refers to st7735.o(i.ST7735_OutString) for ST7735_OutString
    spaceinvaders.o(i.main) refers to spaceinvaders.o(i.bullet_collision) for bullet_collision
    spaceinvaders.o(i.main) refers to sound.o(i.Sound_Killed) for Sound_Killed
    spaceinvaders.o(i.main) refers to spaceinvaders.o(i.LCD_RemoveBullet) for LCD_RemoveBullet
    spaceinvaders.o(i.main) refers to spaceinvaders.o(i.PlayerMove) for PlayerMove
    spaceinvaders.o(i.main) refers to spaceinvaders.o(i.Print_Char) for Print_Char
    spaceinvaders.o(i.main) refers to spaceinvaders.o(i.Input_Joystick) for Input_Joystick
    spaceinvaders.o(i.main) refers to spaceinvaders.o(.constdata) for StartMenu
    spaceinvaders.o(i.main) refers to spaceinvaders.o(.data) for check
    spaceinvaders.o(i.main) refers to spaceinvaders.o(.bss) for Enemies
    spaceinvaders.o(i.scoreboard_init) refers to st7735.o(i.ST7735_SetCursor) for ST7735_SetCursor
    spaceinvaders.o(i.scoreboard_init) refers to st7735.o(i.ST7735_OutString) for ST7735_OutString
    spaceinvaders.o(i.scoreboard_init) refers to st7735.o(i.ST7735_OutChar) for ST7735_OutChar
    st7735.o(i.Output_Clear) refers to st7735.o(i.ST7735_FillScreen) for ST7735_FillScreen
    st7735.o(i.Output_Color) refers to st7735.o(i.ST7735_SetTextColor) for ST7735_SetTextColor
    st7735.o(i.Output_Init) refers to st7735.o(i.ST7735_InitR) for ST7735_InitR
    st7735.o(i.Output_Init) refers to st7735.o(i.ST7735_FillScreen) for ST7735_FillScreen
    st7735.o(i.Output_Off) refers to st7735.o(i.Output_Clear) for Output_Clear
    st7735.o(i.Output_On) refers to st7735.o(i.Output_Init) for Output_Init
    st7735.o(i.ST7735_DrawBitmap) refers to st7735.o(i.setAddrWindow) for setAddrWindow
    st7735.o(i.ST7735_DrawBitmap) refers to lcd.o(.text) for writedata
    st7735.o(i.ST7735_DrawBitmap) refers to st7735.o(.data) for _width
    st7735.o(i.ST7735_DrawChar) refers to st7735.o(i.setAddrWindow) for setAddrWindow
    st7735.o(i.ST7735_DrawChar) refers to st7735.o(i.pushColor) for pushColor
    st7735.o(i.ST7735_DrawChar) refers to st7735.o(.data) for _width
    st7735.o(i.ST7735_DrawChar) refers to st7735.o(.constdata) for Font
    st7735.o(i.ST7735_DrawCharS) refers to st7735.o(i.ST7735_DrawPixel) for ST7735_DrawPixel
    st7735.o(i.ST7735_DrawCharS) refers to st7735.o(i.ST7735_FillRect) for ST7735_FillRect
    st7735.o(i.ST7735_DrawCharS) refers to st7735.o(.data) for _width
    st7735.o(i.ST7735_DrawCharS) refers to st7735.o(.constdata) for Font
    st7735.o(i.ST7735_DrawFastHLine) refers to st7735.o(i.setAddrWindow) for setAddrWindow
    st7735.o(i.ST7735_DrawFastHLine) refers to lcd.o(.text) for writedata
    st7735.o(i.ST7735_DrawFastHLine) refers to st7735.o(.data) for _width
    st7735.o(i.ST7735_DrawFastVLine) refers to st7735.o(i.setAddrWindow) for setAddrWindow
    st7735.o(i.ST7735_DrawFastVLine) refers to lcd.o(.text) for writedata
    st7735.o(i.ST7735_DrawFastVLine) refers to st7735.o(.data) for _width
    st7735.o(i.ST7735_DrawPixel) refers to st7735.o(i.setAddrWindow) for setAddrWindow
    st7735.o(i.ST7735_DrawPixel) refers to st7735.o(i.pushColor) for pushColor
    st7735.o(i.ST7735_DrawPixel) refers to st7735.o(.data) for _width
    st7735.o(i.ST7735_DrawString) refers to st7735.o(i.ST7735_DrawCharS) for ST7735_DrawCharS
    st7735.o(i.ST7735_FillRect) refers to st7735.o(i.setAddrWindow) for setAddrWindow
    st7735.o(i.ST7735_FillRect) refers to lcd.o(.text) for writedata
    st7735.o(i.ST7735_FillRect) refers to st7735.o(.data) for _width
    st7735.o(i.ST7735_FillScreen) refers to st7735.o(i.ST7735_FillRect) for ST7735_FillRect
    st7735.o(i.ST7735_FillScreen) refers to st7735.o(.data) for _height
    st7735.o(i.ST7735_InitB) refers to st7735.o(i.commonInit) for commonInit
    st7735.o(i.ST7735_InitB) refers to st7735.o(i.ST7735_SetCursor) for ST7735_SetCursor
    st7735.o(i.ST7735_InitB) refers to st7735.o(i.ST7735_FillScreen) for ST7735_FillScreen
    st7735.o(i.ST7735_InitB) refers to st7735.o(.constdata) for Bcmd
    st7735.o(i.ST7735_InitB) refers to st7735.o(.data) for StTextColor
    st7735.o(i.ST7735_InitR) refers to st7735.o(i.commonInit) for commonInit
    st7735.o(i.ST7735_InitR) refers to st7735.o(i.commandList) for commandList
    st7735.o(i.ST7735_InitR) refers to lcd.o(.text) for writecommand
    st7735.o(i.ST7735_InitR) refers to st7735.o(i.ST7735_SetCursor) for ST7735_SetCursor
    st7735.o(i.ST7735_InitR) refers to st7735.o(i.ST7735_FillScreen) for ST7735_FillScreen
    st7735.o(i.ST7735_InitR) refers to st7735.o(.constdata) for Rcmd1
    st7735.o(i.ST7735_InitR) refers to st7735.o(.data) for ColStart
    st7735.o(i.ST7735_InvertDisplay) refers to lcd.o(.text) for writecommand
    st7735.o(i.ST7735_OutChar) refers to st7735.o(i.ST7735_DrawString) for ST7735_DrawString
    st7735.o(i.ST7735_OutChar) refers to st7735.o(i.ST7735_DrawCharS) for ST7735_DrawCharS
    st7735.o(i.ST7735_OutChar) refers to st7735.o(.data) for StY
    st7735.o(i.ST7735_OutString) refers to st7735.o(i.ST7735_OutChar) for ST7735_OutChar
    st7735.o(i.ST7735_OutUDec) refers to st7735.o(i.fillmessage) for fillmessage
    st7735.o(i.ST7735_OutUDec) refers to st7735.o(i.ST7735_DrawString) for ST7735_DrawString
    st7735.o(i.ST7735_OutUDec) refers to st7735.o(i.ST7735_DrawCharS) for ST7735_DrawCharS
    st7735.o(i.ST7735_OutUDec) refers to st7735.o(.data) for Messageindex
    st7735.o(i.ST7735_OutUDec) refers to st7735.o(.bss) for Message
    st7735.o(i.ST7735_PlotBar) refers to st7735.o(i.ST7735_DrawFastVLine) for ST7735_DrawFastVLine
    st7735.o(i.ST7735_PlotBar) refers to st7735.o(.data) for Ymin
    st7735.o(i.ST7735_PlotClear) refers to st7735.o(i.ST7735_Color565) for ST7735_Color565
    st7735.o(i.ST7735_PlotClear) refers to st7735.o(i.ST7735_FillRect) for ST7735_FillRect
    st7735.o(i.ST7735_PlotClear) refers to st7735.o(.data) for Ymax
    st7735.o(i.ST7735_PlotLine) refers to st7735.o(i.ST7735_DrawPixel) for ST7735_DrawPixel
    st7735.o(i.ST7735_PlotLine) refers to st7735.o(.data) for Ymin
    st7735.o(i.ST7735_PlotNext) refers to st7735.o(.data) for X
    st7735.o(i.ST7735_PlotNextErase) refers to st7735.o(i.ST7735_Color565) for ST7735_Color565
    st7735.o(i.ST7735_PlotNextErase) refers to st7735.o(i.ST7735_DrawFastVLine) for ST7735_DrawFastVLine
    st7735.o(i.ST7735_PlotNextErase) refers to st7735.o(.data) for X
    st7735.o(i.ST7735_PlotPoint) refers to st7735.o(i.ST7735_DrawPixel) for ST7735_DrawPixel
    st7735.o(i.ST7735_PlotPoint) refers to st7735.o(.data) for Ymin
    st7735.o(i.ST7735_PlotPoints) refers to st7735.o(i.ST7735_DrawPixel) for ST7735_DrawPixel
    st7735.o(i.ST7735_PlotPoints) refers to st7735.o(.data) for Ymin
    st7735.o(i.ST7735_PlotdBfs) refers to st7735.o(i.ST7735_DrawFastVLine) for ST7735_DrawFastVLine
    st7735.o(i.ST7735_PlotdBfs) refers to st7735.o(.constdata) for dBfs
    st7735.o(i.ST7735_PlotdBfs) refers to st7735.o(.data) for X
    st7735.o(i.ST7735_SetCursor) refers to st7735.o(.data) for StX
    st7735.o(i.ST7735_SetRotation) refers to lcd.o(.text) for writecommand
    st7735.o(i.ST7735_SetRotation) refers to st7735.o(.data) for Rotation
    st7735.o(i.ST7735_SetTextColor) refers to st7735.o(.data) for StTextColor
    st7735.o(i.commandList) refers to lcd.o(.text) for writecommand
    st7735.o(i.commandList) refers to st7735.o(i.Delay1ms) for Delay1ms
    st7735.o(i.commonInit) refers to st7735.o(i.Delay1ms) for Delay1ms
    st7735.o(i.commonInit) refers to st7735.o(i.commandList) for commandList
    st7735.o(i.commonInit) refers to st7735.o(.data) for RowStart
    st7735.o(i.fillmessage) refers to st7735.o(.bss) for Message
    st7735.o(i.fillmessage) refers to st7735.o(.data) for Messageindex
    st7735.o(i.fputc) refers to st7735.o(i.ST7735_OutChar) for ST7735_OutChar
    st7735.o(i.pushColor) refers to lcd.o(.text) for writedata
    st7735.o(i.setAddrWindow) refers to lcd.o(.text) for writecommand
    st7735.o(i.setAddrWindow) refers to st7735.o(.data) for ColStart
    __main.o(!!!main) refers to rtentry.o(.ARM.Collect$$rtentry$$00000000) for __rt_entry
    rtentry.o(.ARM.Collect$$rtentry$$00000000) refers (Special) to rtentry2.o(.ARM.Collect$$rtentry$$0000000A) for __rt_entry_li
    rtentry.o(.ARM.Collect$$rtentry$$00000000) refers (Special) to rtentry2.o(.ARM.Collect$$rtentry$$0000000D) for __rt_entry_main
    rtentry.o(.ARM.Collect$$rtentry$$00000000) refers (Special) to rtentry2.o(.ARM.Collect$$rtentry$$0000000C) for __rt_entry_postli_1
    rtentry.o(.ARM.Collect$$rtentry$$00000000) refers (Special) to rtentry2.o(.ARM.Collect$$rtentry$$00000009) for __rt_entry_postsh_1
    rtentry.o(.ARM.Collect$$rtentry$$00000000) refers (Special) to rtentry2.o(.ARM.Collect$$rtentry$$00000002) for __rt_entry_presh_1
    rtentry.o(.ARM.Collect$$rtentry$$00000000) refers (Special) to rtentry4.o(.ARM.Collect$$rtentry$$00000004) for __rt_entry_sh
    rtentry2.o(.ARM.Collect$$rtentry$$00000008) refers to boardinit2.o(.text) for _platform_post_stackheap_init
    rtentry2.o(.ARM.Collect$$rtentry$$0000000A) refers to libinit.o(.ARM.Collect$$libinit$$00000000) for __rt_lib_init
    rtentry2.o(.ARM.Collect$$rtentry$$0000000B) refers to boardinit3.o(.text) for _platform_post_lib_init
    rtentry2.o(.ARM.Collect$$rtentry$$0000000D) refers to spaceinvaders.o(i.main) for main
    rtentry2.o(.ARM.Collect$$rtentry$$0000000D) refers to exit.o(.text) for exit
    rtentry2.o(.ARM.exidx) refers to rtentry2.o(.ARM.Collect$$rtentry$$00000001) for .ARM.Collect$$rtentry$$00000001
    rtentry2.o(.ARM.exidx) refers to rtentry2.o(.ARM.Collect$$rtentry$$00000008) for .ARM.Collect$$rtentry$$00000008
    rtentry2.o(.ARM.exidx) refers to rtentry2.o(.ARM.Collect$$rtentry$$0000000A) for .ARM.Collect$$rtentry$$0000000A
    rtentry2.o(.ARM.exidx) refers to rtentry2.o(.ARM.Collect$$rtentry$$0000000B) for .ARM.Collect$$rtentry$$0000000B
    rtentry2.o(.ARM.exidx) refers to rtentry2.o(.ARM.Collect$$rtentry$$0000000D) for .ARM.Collect$$rtentry$$0000000D
    rtentry4.o(.ARM.Collect$$rtentry$$00000004) refers to sys_stackheap_outer.o(.text) for __user_setup_stackheap
    rtentry4.o(.ARM.exidx) refers to rtentry4.o(.ARM.Collect$$rtentry$$00000004) for .ARM.Collect$$rtentry$$00000004
    sys_stackheap_outer.o(.text) refers to libspace.o(.text) for __user_perproc_libspace
    sys_stackheap_outer.o(.text) refers to startup.o(.text) for __user_initial_stackheap
    exit.o(.text) refers to rtexit.o(.ARM.Collect$$rtexit$$00000000) for __rt_exit
    libinit.o(.ARM.Collect$$libinit$$00000000) refers (Special) to libinit2.o(.ARM.Collect$$libinit$$0000002C) for __rt_lib_init_alloca_1
    libinit.o(.ARM.Collect$$libinit$$00000000) refers (Special) to libinit2.o(.ARM.Collect$$libinit$$0000002A) for __rt_lib_init_argv_1
    libinit.o(.ARM.Collect$$libinit$$00000000) refers (Special) to libinit2.o(.ARM.Collect$$libinit$$00000019) for __rt_lib_init_atexit_1
    libinit.o(.ARM.Collect$$libinit$$00000000) refers (Special) to libinit2.o(.ARM.Collect$$libinit$$0000001F) for __rt_lib_init_clock_1
    libinit.o(.ARM.Collect$$libinit$$00000000) refers (Special) to libinit2.o(.ARM.Collect$$libinit$$00000030) for __rt_lib_init_cpp_1
    libinit.o(.ARM.Collect$$libinit$$00000000) refers (Special) to libinit2.o(.ARM.Collect$$libinit$$0000002E) for __rt_lib_init_exceptions_1
    libinit.o(.ARM.Collect$$libinit$$00000000) refers (Special) to libinit2.o(.ARM.Collect$$libinit$$00000002) for __rt_lib_init_fp_1
    libinit.o(.ARM.Collect$$libinit$$00000000) refers (Special) to libinit2.o(.ARM.Collect$$libinit$$0000001D) for __rt_lib_init_fp_trap_1
    libinit.o(.ARM.Collect$$libinit$$00000000) refers (Special) to libinit2.o(.ARM.Collect$$libinit$$00000021) for __rt_lib_init_getenv_1
    libinit.o(.ARM.Collect$$libinit$$00000000) refers (Special) to libinit2.o(.ARM.Collect$$libinit$$00000008) for __rt_lib_init_heap_1
    libinit.o(.ARM.Collect$$libinit$$00000000) refers (Special) to libinit2.o(.ARM.Collect$$libinit$$0000000F) for __rt_lib_init_lc_collate_1
    libinit.o(.ARM.Collect$$libinit$$00000000) refers (Special) to libinit2.o(.ARM.Collect$$libinit$$00000011) for __rt_lib_init_lc_ctype_1
    libinit.o(.ARM.Collect$$libinit$$00000000) refers (Special) to libinit2.o(.ARM.Collect$$libinit$$00000013) for __rt_lib_init_lc_monetary_1
    libinit.o(.ARM.Collect$$libinit$$00000000) refers (Special) to libinit2.o(.ARM.Collect$$libinit$$00000015) for __rt_lib_init_lc_numeric_1
    libinit.o(.ARM.Collect$$libinit$$00000000) refers (Special) to libinit2.o(.ARM.Collect$$libinit$$00000017) for __rt_lib_init_lc_time_1
    libinit.o(.ARM.Collect$$libinit$$00000000) refers (Special) to libinit2.o(.ARM.Collect$$libinit$$0000000C) for __rt_lib_init_rand_1
    libinit.o(.ARM.Collect$$libinit$$00000000) refers (Special) to libinit2.o(.ARM.Collect$$libinit$$00000031) for __rt_lib_init_return
    libinit.o(.ARM.Collect$$libinit$$00000000) refers (Special) to libinit2.o(.ARM.Collect$$libinit$$0000001B) for __rt_lib_init_signal_1
    libinit.o(.ARM.Collect$$libinit$$00000000) refers (Special) to libinit2.o(.ARM.Collect$$libinit$$00000023) for __rt_lib_init_stdio_1
    libinit.o(.ARM.Collect$$libinit$$00000000) refers (Special) to libinit2.o(.ARM.Collect$$libinit$$0000000A) for __rt_lib_init_user_alloc_1
    libspace.o(.text) refers to libspace.o(.bss) for __libspace_start
    rtexit.o(.ARM.Collect$$rtexit$$00000000) refers (Special) to rtexit2.o(.ARM.Collect$$rtexit$$00000004) for __rt_exit_exit
    rtexit.o(.ARM.Collect$$rtexit$$00000000) refers (Special) to rtexit2.o(.ARM.Collect$$rtexit$$00000003) for __rt_exit_ls
    rtexit.o(.ARM.Collect$$rtexit$$00000000) refers (Special) to rtexit2.o(.ARM.Collect$$rtexit$$00000002) for __rt_exit_prels_1
    rtexit.o(.ARM.exidx) refers (Special) to rtexit2.o(.ARM.Collect$$rtexit$$00000004) for __rt_exit_exit
    rtexit.o(.ARM.exidx) refers (Special) to rtexit2.o(.ARM.Collect$$rtexit$$00000003) for __rt_exit_ls
    rtexit.o(.ARM.exidx) refers (Special) to rtexit2.o(.ARM.Collect$$rtexit$$00000002) for __rt_exit_prels_1
    rtexit.o(.ARM.exidx) refers to rtexit.o(.ARM.Collect$$rtexit$$00000000) for .ARM.Collect$$rtexit$$00000000
    libinit2.o(.ARM.Collect$$libinit$$0000000E) refers to libinit2.o(.ARM.Collect$$libinit$$0000000D) for .ARM.Collect$$libinit$$0000000D
    libinit2.o(.ARM.Collect$$libinit$$00000010) refers to libinit2.o(.ARM.Collect$$libinit$$0000000D) for .ARM.Collect$$libinit$$0000000D
    libinit2.o(.ARM.Collect$$libinit$$00000012) refers to libinit2.o(.ARM.Collect$$libinit$$0000000D) for .ARM.Collect$$libinit$$0000000D
    libinit2.o(.ARM.Collect$$libinit$$00000014) refers to libinit2.o(.ARM.Collect$$libinit$$0000000D) for .ARM.Collect$$libinit$$0000000D
    libinit2.o(.ARM.Collect$$libinit$$00000016) refers to libinit2.o(.ARM.Collect$$libinit$$0000000D) for .ARM.Collect$$libinit$$0000000D
    libinit2.o(.ARM.Collect$$libinit$$00000024) refers to argv_veneer.o(.emb_text) for __ARM_argv_veneer
    libinit2.o(.ARM.Collect$$libinit$$00000025) refers to argv_veneer.o(.emb_text) for __ARM_argv_veneer
    rtexit2.o(.ARM.Collect$$rtexit$$00000003) refers to libshutdown.o(.ARM.Collect$$libshutdown$$00000000) for __rt_lib_shutdown
    rtexit2.o(.ARM.Collect$$rtexit$$00000004) refers to sys_exit.o(.text) for _sys_exit
    rtexit2.o(.ARM.exidx) refers to rtexit2.o(.ARM.Collect$$rtexit$$00000001) for .ARM.Collect$$rtexit$$00000001
    rtexit2.o(.ARM.exidx) refers to rtexit2.o(.ARM.Collect$$rtexit$$00000003) for .ARM.Collect$$rtexit$$00000003
    rtexit2.o(.ARM.exidx) refers to rtexit2.o(.ARM.Collect$$rtexit$$00000004) for .ARM.Collect$$rtexit$$00000004
    argv_veneer.o(.emb_text) refers to no_argv.o(.text) for __ARM_get_argv
    sys_exit.o(.text) refers (Special) to use_no_semi.o(.text) for __I$use$semihosting
    sys_exit.o(.text) refers (Special) to indicate_semi.o(.text) for __semihosting_library_function
    _get_argv_nomalloc.o(.text) refers (Special) to hrguard.o(.text) for __heap_region$guard
    _get_argv_nomalloc.o(.text) refers to defsig_rtmem_outer.o(.text) for __rt_SIGRTMEM
    _get_argv_nomalloc.o(.text) refers to sys_command.o(.text) for _sys_command_string
    libshutdown.o(.ARM.Collect$$libshutdown$$00000000) refers (Special) to libshutdown2.o(.ARM.Collect$$libshutdown$$00000006) for __rt_lib_shutdown_fp_trap_1
    libshutdown.o(.ARM.Collect$$libshutdown$$00000000) refers (Special) to libshutdown2.o(.ARM.Collect$$libshutdown$$0000000E) for __rt_lib_shutdown_heap_1
    libshutdown.o(.ARM.Collect$$libshutdown$$00000000) refers (Special) to libshutdown2.o(.ARM.Collect$$libshutdown$$0000000F) for __rt_lib_shutdown_return
    libshutdown.o(.ARM.Collect$$libshutdown$$00000000) refers (Special) to libshutdown2.o(.ARM.Collect$$libshutdown$$00000009) for __rt_lib_shutdown_signal_1
    libshutdown.o(.ARM.Collect$$libshutdown$$00000000) refers (Special) to libshutdown2.o(.ARM.Collect$$libshutdown$$00000003) for __rt_lib_shutdown_stdio_1
    libshutdown.o(.ARM.Collect$$libshutdown$$00000000) refers (Special) to libshutdown2.o(.ARM.Collect$$libshutdown$$0000000B) for __rt_lib_shutdown_user_alloc_1
    sys_command.o(.text) refers (Special) to use_no_semi.o(.text) for __I$use$semihosting
    sys_command.o(.text) refers (Special) to indicate_semi.o(.text) for __semihosting_library_function
    defsig_rtmem_outer.o(.text) refers to defsig_rtmem_inner.o(.text) for __rt_SIGRTMEM_inner
    defsig_rtmem_outer.o(.text) refers to defsig_exit.o(.text) for __sig_exit
    defsig_rtmem_formal.o(.text) refers to rt_raise.o(.text) for __rt_raise
    rt_raise.o(.text) refers to __raise.o(.text) for __raise
    rt_raise.o(.text) refers to sys_exit.o(.text) for _sys_exit
    defsig_exit.o(.text) refers to sys_exit.o(.text) for _sys_exit
    defsig_rtmem_inner.o(.text) refers to defsig_general.o(.text) for __default_signal_display
    __raise.o(.text) refers to defsig.o(CL$$defsig) for __default_signal_handler
    defsig_general.o(.text) refers to sys_wrch.o(.text) for _ttywrch
    sys_wrch.o(.text) refers (Special) to use_no_semi.o(.text) for __I$use$semihosting
    sys_wrch.o(.text) refers (Special) to indicate_semi.o(.text) for __semihosting_library_function
    defsig.o(CL$$defsig) refers to defsig_rtmem_inner.o(.text) for __rt_SIGRTMEM_inner
    defsig_abrt_inner.o(.text) refers to defsig_general.o(.text) for __default_signal_display
    defsig_fpe_inner.o(.text) refers to defsig_general.o(.text) for __default_signal_display
    defsig_rtred_inner.o(.text) refers to defsig_general.o(.text) for __default_signal_display
    defsig_stak_inner.o(.text) refers to defsig_general.o(.text) for __default_signal_display
    defsig_pvfn_inner.o(.text) refers to defsig_general.o(.text) for __default_signal_display
    defsig_cppl_inner.o(.text) refers to defsig_general.o(.text) for __default_signal_display
    defsig_segv_inner.o(.text) refers to defsig_general.o(.text) for __default_signal_display
    defsig_other.o(.text) refers to defsig_general.o(.text) for __default_signal_display


==============================================================================

Removing Unused input sections from the image.

    Removing dac.o(i.DAC_Init), (80 bytes).
    Removing sound.o(i.Sound_Explosion), (2 bytes).
    Removing sound.o(i.Sound_Init), (92 bytes).
    Removing sound.o(i.Sound_Shoot), (20 bytes).
    Removing sound.o(i.Timer0_Init), (96 bytes).
    Removing sound.o(i.UserFunction), (44 bytes).
    Removing print.o(.text), (4 bytes).
    Removing spaceinvaders.o(i.Enemy_Power_C), (210 bytes).
    Removing spaceinvaders.o(i.LCD_RemovePower), (30 bytes).
    Removing spaceinvaders.o(i.POWER_UP), (116 bytes).
    Removing spaceinvaders.o(i.Player_Pickedup), (210 bytes).
    Removing spaceinvaders.o(i.Power_Down), (60 bytes).
    Removing spaceinvaders.o(i.Power_Layering), (192 bytes).
    Removing spaceinvaders.o(i.Power_init), (140 bytes).
    Removing spaceinvaders.o(i.Print_Bullet), (26 bytes).
    Removing spaceinvaders.o(i.Print_Power), (30 bytes).
    Removing spaceinvaders.o(i.Spawn_Powerups), (512 bytes).
    Removing spaceinvaders.o(i.scoreboard_init), (68 bytes).
    Removing st7735.o(i.Output_Clear), (10 bytes).
    Removing st7735.o(i.Output_Color), (12 bytes).
    Removing st7735.o(i.Output_Off), (8 bytes).
    Removing st7735.o(i.Output_On), (8 bytes).
    Removing st7735.o(i.ST7735_Color565), (24 bytes).
    Removing st7735.o(i.ST7735_DrawChar), (268 bytes).
    Removing st7735.o(i.ST7735_DrawFastHLine), (124 bytes).
    Removing st7735.o(i.ST7735_DrawFastVLine), (124 bytes).
    Removing st7735.o(i.ST7735_InitB), (40 bytes).
    Removing st7735.o(i.ST7735_InvertDisplay), (22 bytes).
    Removing st7735.o(i.ST7735_OutUDec), (140 bytes).
    Removing st7735.o(i.ST7735_PlotBar), (88 bytes).
    Removing st7735.o(i.ST7735_PlotClear), (92 bytes).
    Removing st7735.o(i.ST7735_PlotLine), (264 bytes).
    Removing st7735.o(i.ST7735_PlotNext), (32 bytes).
    Removing st7735.o(i.ST7735_PlotNextErase), (64 bytes).
    Removing st7735.o(i.ST7735_PlotPoint), (152 bytes).
    Removing st7735.o(i.ST7735_PlotPoints), (172 bytes).
    Removing st7735.o(i.ST7735_PlotdBfs), (60 bytes).
    Removing st7735.o(i.ST7735_SetRotation), (212 bytes).
    Removing st7735.o(i.ST7735_SetTextColor), (12 bytes).
    Removing st7735.o(i.ST7735_SwapColor), (18 bytes).
    Removing st7735.o(i.ferror), (8 bytes).
    Removing st7735.o(i.fgetc), (6 bytes).
    Removing st7735.o(i.fillmessage), (72 bytes).
    Removing st7735.o(i.fputc), (16 bytes).
    Removing st7735.o(.bss), (12 bytes).

45 unused section(s) (total 3992 bytes) removed from the image.

==============================================================================

Image Symbol Table

    Local Symbols

    Symbol Name                              Value     Ov Type        Size  Object(Section)

    RESET                                    0x00000000   Section      644  startup.o(RESET)
    ../clib/angel/boardlib.s                 0x00000000   Number         0  boardshut.o ABSOLUTE
    ../clib/angel/boardlib.s                 0x00000000   Number         0  boardinit1.o ABSOLUTE
    ../clib/angel/boardlib.s                 0x00000000   Number         0  boardinit3.o ABSOLUTE
    ../clib/angel/boardlib.s                 0x00000000   Number         0  boardinit2.o ABSOLUTE
    ../clib/angel/handlers.s                 0x00000000   Number         0  __scatter_zi.o ABSOLUTE
    ../clib/angel/handlers.s                 0x00000000   Number         0  __scatter_copy.o ABSOLUTE
    ../clib/angel/kernel.s                   0x00000000   Number         0  rtentry4.o ABSOLUTE
    ../clib/angel/kernel.s                   0x00000000   Number         0  rtentry2.o ABSOLUTE
    ../clib/angel/kernel.s                   0x00000000   Number         0  rtexit.o ABSOLUTE
    ../clib/angel/kernel.s                   0x00000000   Number         0  rtentry.o ABSOLUTE
    ../clib/angel/kernel.s                   0x00000000   Number         0  rtexit2.o ABSOLUTE
    ../clib/angel/rt.s                       0x00000000   Number         0  rt_raise.o ABSOLUTE
    ../clib/angel/scatter.s                  0x00000000   Number         0  __scatter.o ABSOLUTE
    ../clib/angel/startup.s                  0x00000000   Number         0  __main.o ABSOLUTE
    ../clib/angel/sys.s                      0x00000000   Number         0  sys_stackheap_outer.o ABSOLUTE
    ../clib/angel/sys.s                      0x00000000   Number         0  use_no_semi.o ABSOLUTE
    ../clib/angel/sys.s                      0x00000000   Number         0  indicate_semi.o ABSOLUTE
    ../clib/angel/sys.s                      0x00000000   Number         0  libspace.o ABSOLUTE
    ../clib/angel/sysapp.c                   0x00000000   Number         0  sys_wrch.o ABSOLUTE
    ../clib/angel/sysapp.c                   0x00000000   Number         0  sys_exit.o ABSOLUTE
    ../clib/angel/sysapp.c                   0x00000000   Number         0  sys_command.o ABSOLUTE
    ../clib/armsys.c                         0x00000000   Number         0  argv_veneer.o ABSOLUTE
    ../clib/armsys.c                         0x00000000   Number         0  argv_veneer.o ABSOLUTE
    ../clib/armsys.c                         0x00000000   Number         0  _get_argv_nomalloc.o ABSOLUTE
    ../clib/armsys.c                         0x00000000   Number         0  no_argv.o ABSOLUTE
    ../clib/heapalloc.c                      0x00000000   Number         0  hrguard.o ABSOLUTE
    ../clib/heapaux.c                        0x00000000   Number         0  heapauxi.o ABSOLUTE
    ../clib/libinit.s                        0x00000000   Number         0  libshutdown.o ABSOLUTE
    ../clib/libinit.s                        0x00000000   Number         0  libshutdown2.o ABSOLUTE
    ../clib/libinit.s                        0x00000000   Number         0  libinit2.o ABSOLUTE
    ../clib/libinit.s                        0x00000000   Number         0  libinit.o ABSOLUTE
    ../clib/signal.c                         0x00000000   Number         0  defsig_rtmem_inner.o ABSOLUTE
    ../clib/signal.c                         0x00000000   Number         0  defsig_cppl_inner.o ABSOLUTE
    ../clib/signal.c                         0x00000000   Number         0  defsig_segv_inner.o ABSOLUTE
    ../clib/signal.c                         0x00000000   Number         0  defsig_pvfn_inner.o ABSOLUTE
    ../clib/signal.c                         0x00000000   Number         0  defsig_other.o ABSOLUTE
    ../clib/signal.c                         0x00000000   Number         0  defsig_rtred_inner.o ABSOLUTE
    ../clib/signal.c                         0x00000000   Number         0  defsig_rtmem_formal.o ABSOLUTE
    ../clib/signal.c                         0x00000000   Number         0  defsig_exit.o ABSOLUTE
    ../clib/signal.c                         0x00000000   Number         0  defsig_fpe_inner.o ABSOLUTE
    ../clib/signal.c                         0x00000000   Number         0  defsig_abrt_inner.o ABSOLUTE
    ../clib/signal.c                         0x00000000   Number         0  defsig_stak_inner.o ABSOLUTE
    ../clib/signal.c                         0x00000000   Number         0  defsig_general.o ABSOLUTE
    ../clib/signal.c                         0x00000000   Number         0  __raise.o ABSOLUTE
    ../clib/signal.c                         0x00000000   Number         0  defsig_rtmem_outer.o ABSOLUTE
    ../clib/signal.s                         0x00000000   Number         0  defsig.o ABSOLUTE
    ../clib/stdlib.c                         0x00000000   Number         0  exit.o ABSOLUTE
    ../fplib/fpinit.s                        0x00000000   Number         0  fpinit.o ABSOLUTE
    ADC.c                                    0x00000000   Number         0  adc.o ABSOLUTE
    DAC.c                                    0x00000000   Number         0  dac.o ABSOLUTE
    LCD.s                                    0x00000000   Number         0  lcd.o ABSOLUTE
    PLL.c                                    0x00000000   Number         0  pll.o ABSOLUTE
    Print.s                                  0x00000000   Number         0  print.o ABSOLUTE
    ST7735.c                                 0x00000000   Number         0  st7735.o ABSOLUTE
    Sound.c                                  0x00000000   Number         0  sound.o ABSOLUTE
    SpaceInvaders.c                          0x00000000   Number         0  spaceinvaders.o ABSOLUTE
    Timer1.c                                 0x00000000   Number         0  timer1.o ABSOLUTE
    dc.s                                     0x00000000   Number         0  dc.o ABSOLUTE
    random.s                                 0x00000000   Number         0  random.o ABSOLUTE
    startup.s                                0x00000000   Number         0  startup.o ABSOLUTE
    !!!main                                  0x00000284   Section        8  __main.o(!!!main)
    !!!scatter                               0x0000028c   Section       52  __scatter.o(!!!scatter)
    !!handler_copy                           0x000002c0   Section       26  __scatter_copy.o(!!handler_copy)
    !!handler_zi                             0x000002dc   Section       28  __scatter_zi.o(!!handler_zi)
    .ARM.Collect$$libinit$$00000000          0x000002f8   Section        2  libinit.o(.ARM.Collect$$libinit$$00000000)
    .ARM.Collect$$libinit$$00000002          0x000002fa   Section        0  libinit2.o(.ARM.Collect$$libinit$$00000002)
    .ARM.Collect$$libinit$$00000008          0x000002fa   Section        0  libinit2.o(.ARM.Collect$$libinit$$00000008)
    .ARM.Collect$$libinit$$0000000A          0x000002fa   Section        0  libinit2.o(.ARM.Collect$$libinit$$0000000A)
    .ARM.Collect$$libinit$$0000000C          0x000002fa   Section        0  libinit2.o(.ARM.Collect$$libinit$$0000000C)
    .ARM.Collect$$libinit$$0000000F          0x000002fa   Section        0  libinit2.o(.ARM.Collect$$libinit$$0000000F)
    .ARM.Collect$$libinit$$00000011          0x000002fa   Section        0  libinit2.o(.ARM.Collect$$libinit$$00000011)
    .ARM.Collect$$libinit$$00000013          0x000002fa   Section        0  libinit2.o(.ARM.Collect$$libinit$$00000013)
    .ARM.Collect$$libinit$$00000015          0x000002fa   Section        0  libinit2.o(.ARM.Collect$$libinit$$00000015)
    .ARM.Collect$$libinit$$00000017          0x000002fa   Section        0  libinit2.o(.ARM.Collect$$libinit$$00000017)
    .ARM.Collect$$libinit$$00000019          0x000002fa   Section        0  libinit2.o(.ARM.Collect$$libinit$$00000019)
    .ARM.Collect$$libinit$$0000001B          0x000002fa   Section        0  libinit2.o(.ARM.Collect$$libinit$$0000001B)
    .ARM.Collect$$libinit$$0000001D          0x000002fa   Section        0  libinit2.o(.ARM.Collect$$libinit$$0000001D)
    .ARM.Collect$$libinit$$0000001F          0x000002fa   Section        0  libinit2.o(.ARM.Collect$$libinit$$0000001F)
    .ARM.Collect$$libinit$$00000021          0x000002fa   Section        0  libinit2.o(.ARM.Collect$$libinit$$00000021)
    .ARM.Collect$$libinit$$00000023          0x000002fa   Section        0  libinit2.o(.ARM.Collect$$libinit$$00000023)
    .ARM.Collect$$libinit$$0000002A          0x000002fa   Section        0  libinit2.o(.ARM.Collect$$libinit$$0000002A)
    .ARM.Collect$$libinit$$0000002C          0x000002fa   Section        0  libinit2.o(.ARM.Collect$$libinit$$0000002C)
    .ARM.Collect$$libinit$$0000002E          0x000002fa   Section        0  libinit2.o(.ARM.Collect$$libinit$$0000002E)
    .ARM.Collect$$libinit$$00000030          0x000002fa   Section        0  libinit2.o(.ARM.Collect$$libinit$$00000030)
    .ARM.Collect$$libinit$$00000031          0x000002fa   Section        2  libinit2.o(.ARM.Collect$$libinit$$00000031)
    .ARM.Collect$$libshutdown$$00000000      0x000002fc   Section        2  libshutdown.o(.ARM.Collect$$libshutdown$$00000000)
    .ARM.Collect$$libshutdown$$00000003      0x000002fe   Section        0  libshutdown2.o(.ARM.Collect$$libshutdown$$00000003)
    .ARM.Collect$$libshutdown$$00000006      0x000002fe   Section        0  libshutdown2.o(.ARM.Collect$$libshutdown$$00000006)
    .ARM.Collect$$libshutdown$$00000009      0x000002fe   Section        0  libshutdown2.o(.ARM.Collect$$libshutdown$$00000009)
    .ARM.Collect$$libshutdown$$0000000B      0x000002fe   Section        0  libshutdown2.o(.ARM.Collect$$libshutdown$$0000000B)
    .ARM.Collect$$libshutdown$$0000000E      0x000002fe   Section        0  libshutdown2.o(.ARM.Collect$$libshutdown$$0000000E)
    .ARM.Collect$$libshutdown$$0000000F      0x000002fe   Section        2  libshutdown2.o(.ARM.Collect$$libshutdown$$0000000F)
    .ARM.Collect$$rtentry$$00000000          0x00000300   Section        0  rtentry.o(.ARM.Collect$$rtentry$$00000000)
    .ARM.Collect$$rtentry$$00000002          0x00000300   Section        0  rtentry2.o(.ARM.Collect$$rtentry$$00000002)
    .ARM.Collect$$rtentry$$00000004          0x00000300   Section        6  rtentry4.o(.ARM.Collect$$rtentry$$00000004)
    .ARM.Collect$$rtentry$$00000009          0x00000306   Section        0  rtentry2.o(.ARM.Collect$$rtentry$$00000009)
    .ARM.Collect$$rtentry$$0000000A          0x00000306   Section        4  rtentry2.o(.ARM.Collect$$rtentry$$0000000A)
    .ARM.Collect$$rtentry$$0000000C          0x0000030a   Section        0  rtentry2.o(.ARM.Collect$$rtentry$$0000000C)
    .ARM.Collect$$rtentry$$0000000D          0x0000030a   Section        8  rtentry2.o(.ARM.Collect$$rtentry$$0000000D)
    .ARM.Collect$$rtexit$$00000000           0x00000312   Section        2  rtexit.o(.ARM.Collect$$rtexit$$00000000)
    .ARM.Collect$$rtexit$$00000002           0x00000314   Section        0  rtexit2.o(.ARM.Collect$$rtexit$$00000002)
    .ARM.Collect$$rtexit$$00000003           0x00000314   Section        4  rtexit2.o(.ARM.Collect$$rtexit$$00000003)
    .ARM.Collect$$rtexit$$00000004           0x00000318   Section        6  rtexit2.o(.ARM.Collect$$rtexit$$00000004)
    .text                                    0x00000320   Section       48  startup.o(.text)
    .text                                    0x00000350   Section       64  random.o(.text)
    .text                                    0x00000390   Section       80  lcd.o(.text)
    .text                                    0x000003e0   Section        0  heapauxi.o(.text)
    .text                                    0x000003e6   Section       74  sys_stackheap_outer.o(.text)
    .text                                    0x00000430   Section        0  exit.o(.text)
    .text                                    0x0000043c   Section        8  libspace.o(.text)
    .text                                    0x00000444   Section        0  sys_exit.o(.text)
    .text                                    0x00000450   Section        2  use_no_semi.o(.text)
    .text                                    0x00000452   Section        0  indicate_semi.o(.text)
    i.ADC_In                                 0x00000454   Section        0  adc.o(i.ADC_In)
    i.ADC_Init                               0x000004a4   Section        0  adc.o(i.ADC_Init)
    i.Check_Gun_Buttons                      0x000005a0   Section        0  spaceinvaders.o(i.Check_Gun_Buttons)
    i.Create_Bullet                          0x0000076c   Section        0  spaceinvaders.o(i.Create_Bullet)
    i.Create_Enemy                           0x00000798   Section        0  spaceinvaders.o(i.Create_Enemy)
    i.DAC_Out                                0x000007cc   Section        0  dac.o(i.DAC_Out)
    i.Delay100ms                             0x000007d8   Section        0  spaceinvaders.o(i.Delay100ms)
    i.Delay1ms                               0x000007fc   Section        0  st7735.o(i.Delay1ms)
    i.Enemy_Track                            0x0000081c   Section        0  spaceinvaders.o(i.Enemy_Track)
    i.Input_Joystick                         0x00000b40   Section        0  spaceinvaders.o(i.Input_Joystick)
    i.Input_PlayerMove                       0x00000b58   Section        0  spaceinvaders.o(i.Input_PlayerMove)
    i.LCD_RemoveBullet                       0x00000c5c   Section        0  spaceinvaders.o(i.LCD_RemoveBullet)
    i.LCD_RemoveChar                         0x00000c78   Section        0  spaceinvaders.o(i.LCD_RemoveChar)
    i.Move_Bullets                           0x00000c94   Section        0  spaceinvaders.o(i.Move_Bullets)
    i.Move_Enemies                           0x00000eb8   Section        0  spaceinvaders.o(i.Move_Enemies)
    i.Output_Init                            0x00000f54   Section        0  st7735.o(i.Output_Init)
    i.PLL_Init                               0x00000f64   Section        0  pll.o(i.PLL_Init)
    i.PlayerMove                             0x00000fe0   Section        0  spaceinvaders.o(i.PlayerMove)
    i.PortD_Init                             0x000013ac   Section        0  spaceinvaders.o(i.PortD_Init)
    i.Print_Char                             0x0000141c   Section        0  spaceinvaders.o(i.Print_Char)
    i.ST7735_DrawBitmap                      0x0000143c   Section        0  st7735.o(i.ST7735_DrawBitmap)
    i.ST7735_DrawCharS                       0x0000155c   Section        0  st7735.o(i.ST7735_DrawCharS)
    i.ST7735_DrawPixel                       0x00001650   Section        0  st7735.o(i.ST7735_DrawPixel)
    i.ST7735_DrawString                      0x00001698   Section        0  st7735.o(i.ST7735_DrawString)
    i.ST7735_FillRect                        0x000016f0   Section        0  st7735.o(i.ST7735_FillRect)
    i.ST7735_FillScreen                      0x0000179c   Section        0  st7735.o(i.ST7735_FillScreen)
    i.ST7735_InitR                           0x000017c0   Section        0  st7735.o(i.ST7735_InitR)
    i.ST7735_OutChar                         0x0000183c   Section        0  st7735.o(i.ST7735_OutChar)
    i.ST7735_OutString                       0x00001910   Section        0  st7735.o(i.ST7735_OutString)
    i.ST7735_SetCursor                       0x00001928   Section        0  st7735.o(i.ST7735_SetCursor)
    i.Scoreboard_Update                      0x00001948   Section        0  spaceinvaders.o(i.Scoreboard_Update)
    i.Sound_Killed                           0x000019d8   Section        0  sound.o(i.Sound_Killed)
    i.Sound_Play                             0x000019ec   Section        0  sound.o(i.Sound_Play)
    i.Spawn_Enemies                          0x00001a08   Section        0  spaceinvaders.o(i.Spawn_Enemies)
    i.SysTick_Handler                        0x00001b94   Section        0  sound.o(i.SysTick_Handler)
    i.Timer0A_Handler                        0x00001bcc   Section        0  sound.o(i.Timer0A_Handler)
    i.Timer1A_Handler                        0x00001be4   Section        0  timer1.o(i.Timer1A_Handler)
    i.Timer1_Init                            0x00001bfc   Section        0  timer1.o(i.Timer1_Init)
    i.bullet_collision                       0x00001c5c   Section        0  spaceinvaders.o(i.bullet_collision)
    i.bullet_init                            0x00001d44   Section        0  spaceinvaders.o(i.bullet_init)
    i.char_init                              0x00001d88   Section        0  spaceinvaders.o(i.char_init)
    i.commandList                            0x00001dd0   Section        0  st7735.o(i.commandList)
    commandList                              0x00001dd1   Thumb Code    86  st7735.o(i.commandList)
    i.commonInit                             0x00001e28   Section        0  st7735.o(i.commonInit)
    commonInit                               0x00001e29   Thumb Code   340  st7735.o(i.commonInit)
    i.enemy_collision                        0x00001fac   Section        0  spaceinvaders.o(i.enemy_collision)
    i.enemy_init                             0x00002090   Section        0  spaceinvaders.o(i.enemy_init)
    i.main                                   0x000020fc   Section        0  spaceinvaders.o(i.main)
    i.pushColor                              0x000023d8   Section        0  st7735.o(i.pushColor)
    pushColor                                0x000023d9   Thumb Code    18  st7735.o(i.pushColor)
    i.setAddrWindow                          0x000023ec   Section        0  st7735.o(i.setAddrWindow)
    setAddrWindow                            0x000023ed   Thumb Code   106  st7735.o(i.setAddrWindow)
    .constdata                               0x00002460   Section     9457  sound.o(.constdata)
    .constdata                               0x00004952   Section    170320  spaceinvaders.o(.constdata)
    .constdata                               0x0002e2a2   Section     2018  st7735.o(.constdata)
    Font                                     0x0002e2a2   Data        1275  st7735.o(.constdata)
    Bcmd                                     0x0002e79d   Data         103  st7735.o(.constdata)
    Rcmd1                                    0x0002e804   Data          59  st7735.o(.constdata)
    Rcmd2green                               0x0002e83f   Data          13  st7735.o(.constdata)
    Rcmd2red                                 0x0002e84c   Data          13  st7735.o(.constdata)
    Rcmd3                                    0x0002e859   Data          43  st7735.o(.constdata)
    .data                                    0x20000000   Section        4  timer1.o(.data)
    .data                                    0x20000004   Section       12  sound.o(.data)
    .data                                    0x20000010   Section      184  spaceinvaders.o(.data)
    .data                                    0x200000c8   Section       44  st7735.o(.data)
    _width                                   0x200000d2   Data           2  st7735.o(.data)
    _height                                  0x200000d4   Data           2  st7735.o(.data)
    ColStart                                 0x200000dc   Data           1  st7735.o(.data)
    RowStart                                 0x200000dd   Data           1  st7735.o(.data)
    Rotation                                 0x200000de   Data           1  st7735.o(.data)
    TabColor                                 0x200000df   Data           1  st7735.o(.data)
    DATA                                     0x200000f4   Section        4  random.o(DATA)
    M                                        0x200000f4   Data           4  random.o(DATA)
    .bss                                     0x200000f8   Section       12  sound.o(.bss)
    .bss                                     0x20000104   Section      596  spaceinvaders.o(.bss)
    .bss                                     0x20000358   Section       96  libspace.o(.bss)
    HEAP                                     0x200003b8   Section        0  startup.o(HEAP)
    STACK                                    0x200003b8   Section     1024  startup.o(STACK)
    HeapMem                                  0x200003b8   Data           0  startup.o(HEAP)
    StackMem                                 0x200003b8   Data           0  startup.o(STACK)

    Global Symbols

    Symbol Name                              Value     Ov Type        Size  Object(Section)

    BuildAttributes$$THM_ISAv4$E$P$D$K$B$S$7EM$PE$A:L22UL41UL21$X:L11$S22US41US21$IEEE1$IW$USESV6$~STKCKD$USESV7$~SHL$OSPACE$ROPI$EBA8$UX$STANDARDLIB$REQ8$PRES8$EABIv2 0x00000000   Number         0  anon$$obj.o ABSOLUTE
    __ARM_use_no_argv                        0x00000000   Number         0  spaceinvaders.o ABSOLUTE
    __Vectors                                0x00000000   Data           0  startup.o(RESET)
    __ARM_exceptions_init                     - Undefined Weak Reference
    __alloca_initialize                       - Undefined Weak Reference
    __cpp_initialize__aeabi_                  - Undefined Weak Reference
    __cxa_finalize                            - Undefined Weak Reference
    __rt_locale                               - Undefined Weak Reference
    __sigvec_lookup                           - Undefined Weak Reference
    _atexit_init                              - Undefined Weak Reference
    _call_atexit_fns                          - Undefined Weak Reference
    _clock_init                               - Undefined Weak Reference
    _fp_trap_init                             - Undefined Weak Reference
    _fp_trap_shutdown                         - Undefined Weak Reference
    _get_lc_collate                           - Undefined Weak Reference
    _get_lc_ctype                             - Undefined Weak Reference
    _get_lc_monetary                          - Undefined Weak Reference
    _get_lc_numeric                           - Undefined Weak Reference
    _get_lc_time                              - Undefined Weak Reference
    _getenv_init                              - Undefined Weak Reference
    _handle_redirection                       - Undefined Weak Reference
    _init_alloc                               - Undefined Weak Reference
    _init_user_alloc                          - Undefined Weak Reference
    _initio                                   - Undefined Weak Reference
    _rand_init                                - Undefined Weak Reference
    _signal_finish                            - Undefined Weak Reference
    _signal_init                              - Undefined Weak Reference
    _terminate_alloc                          - Undefined Weak Reference
    _terminate_user_alloc                     - Undefined Weak Reference
    _terminateio                              - Undefined Weak Reference
    Reset_Handler                            0x0000026d   Thumb Code     0  startup.o(RESET)
    NMI_Handler                              0x00000271   Thumb Code     2  startup.o(RESET)
    HardFault_Handler                        0x00000273   Thumb Code     2  startup.o(RESET)
    MemManage_Handler                        0x00000275   Thumb Code     2  startup.o(RESET)
    BusFault_Handler                         0x00000277   Thumb Code     2  startup.o(RESET)
    UsageFault_Handler                       0x00000279   Thumb Code     2  startup.o(RESET)
    SVC_Handler                              0x0000027b   Thumb Code     2  startup.o(RESET)
    DebugMon_Handler                         0x0000027d   Thumb Code     2  startup.o(RESET)
    PendSV_Handler                           0x0000027f   Thumb Code     2  startup.o(RESET)
    ADC0Seq0_Handler                         0x00000283   Thumb Code     0  startup.o(RESET)
    ADC0Seq1_Handler                         0x00000283   Thumb Code     0  startup.o(RESET)
    ADC0Seq2_Handler                         0x00000283   Thumb Code     0  startup.o(RESET)
    ADC0Seq3_Handler                         0x00000283   Thumb Code     0  startup.o(RESET)
    ADC1Seq0_Handler                         0x00000283   Thumb Code     0  startup.o(RESET)
    ADC1Seq1_Handler                         0x00000283   Thumb Code     0  startup.o(RESET)
    ADC1Seq2_Handler                         0x00000283   Thumb Code     0  startup.o(RESET)
    ADC1Seq3_Handler                         0x00000283   Thumb Code     0  startup.o(RESET)
    CAN0_Handler                             0x00000283   Thumb Code     0  startup.o(RESET)
    CAN1_Handler                             0x00000283   Thumb Code     0  startup.o(RESET)
    CAN2_Handler                             0x00000283   Thumb Code     0  startup.o(RESET)
    Comp0_Handler                            0x00000283   Thumb Code     0  startup.o(RESET)
    Comp1_Handler                            0x00000283   Thumb Code     0  startup.o(RESET)
    Comp2_Handler                            0x00000283   Thumb Code     0  startup.o(RESET)
    Ethernet_Handler                         0x00000283   Thumb Code     0  startup.o(RESET)
    ExtBus_Handler                           0x00000283   Thumb Code     0  startup.o(RESET)
    FPU_Handler                              0x00000283   Thumb Code     0  startup.o(RESET)
    Fan0_Handler                             0x00000283   Thumb Code     0  startup.o(RESET)
    FlashCtl_Handler                         0x00000283   Thumb Code     0  startup.o(RESET)
    GPIOPortA_Handler                        0x00000283   Thumb Code     0  startup.o(RESET)
    GPIOPortB_Handler                        0x00000283   Thumb Code     0  startup.o(RESET)
    GPIOPortC_Handler                        0x00000283   Thumb Code     0  startup.o(RESET)
    GPIOPortD_Handler                        0x00000283   Thumb Code     0  startup.o(RESET)
    GPIOPortE_Handler                        0x00000283   Thumb Code     0  startup.o(RESET)
    GPIOPortF_Handler                        0x00000283   Thumb Code     0  startup.o(RESET)
    GPIOPortG_Handler                        0x00000283   Thumb Code     0  startup.o(RESET)
    GPIOPortH_Handler                        0x00000283   Thumb Code     0  startup.o(RESET)
    GPIOPortJ_Handler                        0x00000283   Thumb Code     0  startup.o(RESET)
    GPIOPortK_Handler                        0x00000283   Thumb Code     0  startup.o(RESET)
    GPIOPortL_Handler                        0x00000283   Thumb Code     0  startup.o(RESET)
    GPIOPortM_Handler                        0x00000283   Thumb Code     0  startup.o(RESET)
    GPIOPortN_Handler                        0x00000283   Thumb Code     0  startup.o(RESET)
    GPIOPortP1_Handler                       0x00000283   Thumb Code     0  startup.o(RESET)
    GPIOPortP2_Handler                       0x00000283   Thumb Code     0  startup.o(RESET)
    GPIOPortP3_Handler                       0x00000283   Thumb Code     0  startup.o(RESET)
    GPIOPortP4_Handler                       0x00000283   Thumb Code     0  startup.o(RESET)
    GPIOPortP5_Handler                       0x00000283   Thumb Code     0  startup.o(RESET)
    GPIOPortP6_Handler                       0x00000283   Thumb Code     0  startup.o(RESET)
    GPIOPortP7_Handler                       0x00000283   Thumb Code     0  startup.o(RESET)
    GPIOPortP_Handler                        0x00000283   Thumb Code     0  startup.o(RESET)
    GPIOPortQ1_Handler                       0x00000283   Thumb Code     0  startup.o(RESET)
    GPIOPortQ2_Handler                       0x00000283   Thumb Code     0  startup.o(RESET)
    GPIOPortQ3_Handler                       0x00000283   Thumb Code     0  startup.o(RESET)
    GPIOPortQ4_Handler                       0x00000283   Thumb Code     0  startup.o(RESET)
    GPIOPortQ5_Handler                       0x00000283   Thumb Code     0  startup.o(RESET)
    GPIOPortQ6_Handler                       0x00000283   Thumb Code     0  startup.o(RESET)
    GPIOPortQ7_Handler                       0x00000283   Thumb Code     0  startup.o(RESET)
    GPIOPortQ_Handler                        0x00000283   Thumb Code     0  startup.o(RESET)
    GPIOPortR_Handler                        0x00000283   Thumb Code     0  startup.o(RESET)
    GPIOPortS_Handler                        0x00000283   Thumb Code     0  startup.o(RESET)
    Hibernate_Handler                        0x00000283   Thumb Code     0  startup.o(RESET)
    I2C0_Handler                             0x00000283   Thumb Code     0  startup.o(RESET)
    I2C1_Handler                             0x00000283   Thumb Code     0  startup.o(RESET)
    I2C2_Handler                             0x00000283   Thumb Code     0  startup.o(RESET)
    I2C3_Handler                             0x00000283   Thumb Code     0  startup.o(RESET)
    I2C4_Handler                             0x00000283   Thumb Code     0  startup.o(RESET)
    I2C5_Handler                             0x00000283   Thumb Code     0  startup.o(RESET)
    I2S0_Handler                             0x00000283   Thumb Code     0  startup.o(RESET)
    LPC0_Handler                             0x00000283   Thumb Code     0  startup.o(RESET)
    PECI0_Handler                            0x00000283   Thumb Code     0  startup.o(RESET)
    PWM0Fault_Handler                        0x00000283   Thumb Code     0  startup.o(RESET)
    PWM0Generator0_Handler                   0x00000283   Thumb Code     0  startup.o(RESET)
    PWM0Generator1_Handler                   0x00000283   Thumb Code     0  startup.o(RESET)
    PWM0Generator2_Handler                   0x00000283   Thumb Code     0  startup.o(RESET)
    PWM0Generator3_Handler                   0x00000283   Thumb Code     0  startup.o(RESET)
    PWM1Fault_Handler                        0x00000283   Thumb Code     0  startup.o(RESET)
    PWM1Generator0_Handler                   0x00000283   Thumb Code     0  startup.o(RESET)
    PWM1Generator1_Handler                   0x00000283   Thumb Code     0  startup.o(RESET)
    PWM1Generator2_Handler                   0x00000283   Thumb Code     0  startup.o(RESET)
    PWM1Generator3_Handler                   0x00000283   Thumb Code     0  startup.o(RESET)
    Quadrature0_Handler                      0x00000283   Thumb Code     0  startup.o(RESET)
    Quadrature1_Handler                      0x00000283   Thumb Code     0  startup.o(RESET)
    Quadrature2_Handler                      0x00000283   Thumb Code     0  startup.o(RESET)
    SSI0_Handler                             0x00000283   Thumb Code     0  startup.o(RESET)
    SSI1_Handler                             0x00000283   Thumb Code     0  startup.o(RESET)
    SSI2_Handler                             0x00000283   Thumb Code     0  startup.o(RESET)
    SSI3_Handler                             0x00000283   Thumb Code     0  startup.o(RESET)
    SysCtl_Handler                           0x00000283   Thumb Code     0  startup.o(RESET)
    Timer0B_Handler                          0x00000283   Thumb Code     0  startup.o(RESET)
    Timer1B_Handler                          0x00000283   Thumb Code     0  startup.o(RESET)
    Timer2A_Handler                          0x00000283   Thumb Code     0  startup.o(RESET)
    Timer2B_Handler                          0x00000283   Thumb Code     0  startup.o(RESET)
    Timer3A_Handler                          0x00000283   Thumb Code     0  startup.o(RESET)
    Timer3B_Handler                          0x00000283   Thumb Code     0  startup.o(RESET)
    Timer4A_Handler                          0x00000283   Thumb Code     0  startup.o(RESET)
    Timer4B_Handler                          0x00000283   Thumb Code     0  startup.o(RESET)
    Timer5A_Handler                          0x00000283   Thumb Code     0  startup.o(RESET)
    Timer5B_Handler                          0x00000283   Thumb Code     0  startup.o(RESET)
    UART0_Handler                            0x00000283   Thumb Code     0  startup.o(RESET)
    UART1_Handler                            0x00000283   Thumb Code     0  startup.o(RESET)
    UART2_Handler                            0x00000283   Thumb Code     0  startup.o(RESET)
    UART3_Handler                            0x00000283   Thumb Code     0  startup.o(RESET)
    UART4_Handler                            0x00000283   Thumb Code     0  startup.o(RESET)
    UART5_Handler                            0x00000283   Thumb Code     0  startup.o(RESET)
    UART6_Handler                            0x00000283   Thumb Code     0  startup.o(RESET)
    UART7_Handler                            0x00000283   Thumb Code     0  startup.o(RESET)
    USB0_Handler                             0x00000283   Thumb Code     0  startup.o(RESET)
    WDT_Handler                              0x00000283   Thumb Code     0  startup.o(RESET)
    WideTimer0A_Handler                      0x00000283   Thumb Code     0  startup.o(RESET)
    WideTimer0B_Handler                      0x00000283   Thumb Code     0  startup.o(RESET)
    WideTimer1A_Handler                      0x00000283   Thumb Code     0  startup.o(RESET)
    WideTimer1B_Handler                      0x00000283   Thumb Code     0  startup.o(RESET)
    WideTimer2A_Handler                      0x00000283   Thumb Code     0  startup.o(RESET)
    WideTimer2B_Handler                      0x00000283   Thumb Code     0  startup.o(RESET)
    WideTimer3A_Handler                      0x00000283   Thumb Code     0  startup.o(RESET)
    WideTimer3B_Handler                      0x00000283   Thumb Code     0  startup.o(RESET)
    WideTimer4A_Handler                      0x00000283   Thumb Code     0  startup.o(RESET)
    WideTimer4B_Handler                      0x00000283   Thumb Code     0  startup.o(RESET)
    WideTimer5A_Handler                      0x00000283   Thumb Code     0  startup.o(RESET)
    WideTimer5B_Handler                      0x00000283   Thumb Code     0  startup.o(RESET)
    uDMA_Error                               0x00000283   Thumb Code     0  startup.o(RESET)
    uDMA_Handler                             0x00000283   Thumb Code     0  startup.o(RESET)
    __main                                   0x00000285   Thumb Code     8  __main.o(!!!main)
    __scatterload                            0x0000028d   Thumb Code     0  __scatter.o(!!!scatter)
    __scatterload_rt2                        0x0000028d   Thumb Code    44  __scatter.o(!!!scatter)
    __scatterload_rt2_thumb_only             0x0000028d   Thumb Code     0  __scatter.o(!!!scatter)
    __scatterload_null                       0x0000029b   Thumb Code     0  __scatter.o(!!!scatter)
    __scatterload_copy                       0x000002c1   Thumb Code    26  __scatter_copy.o(!!handler_copy)
    __scatterload_zeroinit                   0x000002dd   Thumb Code    28  __scatter_zi.o(!!handler_zi)
    __rt_lib_init                            0x000002f9   Thumb Code     0  libinit.o(.ARM.Collect$$libinit$$00000000)
    __rt_lib_init_alloca_1                   0x000002fb   Thumb Code     0  libinit2.o(.ARM.Collect$$libinit$$0000002C)
    __rt_lib_init_argv_1                     0x000002fb   Thumb Code     0  libinit2.o(.ARM.Collect$$libinit$$0000002A)
    __rt_lib_init_atexit_1                   0x000002fb   Thumb Code     0  libinit2.o(.ARM.Collect$$libinit$$00000019)
    __rt_lib_init_clock_1                    0x000002fb   Thumb Code     0  libinit2.o(.ARM.Collect$$libinit$$0000001F)
    __rt_lib_init_cpp_1                      0x000002fb   Thumb Code     0  libinit2.o(.ARM.Collect$$libinit$$00000030)
    __rt_lib_init_exceptions_1               0x000002fb   Thumb Code     0  libinit2.o(.ARM.Collect$$libinit$$0000002E)
    __rt_lib_init_fp_1                       0x000002fb   Thumb Code     0  libinit2.o(.ARM.Collect$$libinit$$00000002)
    __rt_lib_init_fp_trap_1                  0x000002fb   Thumb Code     0  libinit2.o(.ARM.Collect$$libinit$$0000001D)
    __rt_lib_init_getenv_1                   0x000002fb   Thumb Code     0  libinit2.o(.ARM.Collect$$libinit$$00000021)
    __rt_lib_init_heap_1                     0x000002fb   Thumb Code     0  libinit2.o(.ARM.Collect$$libinit$$00000008)
    __rt_lib_init_lc_collate_1               0x000002fb   Thumb Code     0  libinit2.o(.ARM.Collect$$libinit$$0000000F)
    __rt_lib_init_lc_ctype_1                 0x000002fb   Thumb Code     0  libinit2.o(.ARM.Collect$$libinit$$00000011)
    __rt_lib_init_lc_monetary_1              0x000002fb   Thumb Code     0  libinit2.o(.ARM.Collect$$libinit$$00000013)
    __rt_lib_init_lc_numeric_1               0x000002fb   Thumb Code     0  libinit2.o(.ARM.Collect$$libinit$$00000015)
    __rt_lib_init_lc_time_1                  0x000002fb   Thumb Code     0  libinit2.o(.ARM.Collect$$libinit$$00000017)
    __rt_lib_init_rand_1                     0x000002fb   Thumb Code     0  libinit2.o(.ARM.Collect$$libinit$$0000000C)
    __rt_lib_init_return                     0x000002fb   Thumb Code     0  libinit2.o(.ARM.Collect$$libinit$$00000031)
    __rt_lib_init_signal_1                   0x000002fb   Thumb Code     0  libinit2.o(.ARM.Collect$$libinit$$0000001B)
    __rt_lib_init_stdio_1                    0x000002fb   Thumb Code     0  libinit2.o(.ARM.Collect$$libinit$$00000023)
    __rt_lib_init_user_alloc_1               0x000002fb   Thumb Code     0  libinit2.o(.ARM.Collect$$libinit$$0000000A)
    __rt_lib_shutdown                        0x000002fd   Thumb Code     0  libshutdown.o(.ARM.Collect$$libshutdown$$00000000)
    __rt_lib_shutdown_fp_trap_1              0x000002ff   Thumb Code     0  libshutdown2.o(.ARM.Collect$$libshutdown$$00000006)
    __rt_lib_shutdown_heap_1                 0x000002ff   Thumb Code     0  libshutdown2.o(.ARM.Collect$$libshutdown$$0000000E)
    __rt_lib_shutdown_return                 0x000002ff   Thumb Code     0  libshutdown2.o(.ARM.Collect$$libshutdown$$0000000F)
    __rt_lib_shutdown_signal_1               0x000002ff   Thumb Code     0  libshutdown2.o(.ARM.Collect$$libshutdown$$00000009)
    __rt_lib_shutdown_stdio_1                0x000002ff   Thumb Code     0  libshutdown2.o(.ARM.Collect$$libshutdown$$00000003)
    __rt_lib_shutdown_user_alloc_1           0x000002ff   Thumb Code     0  libshutdown2.o(.ARM.Collect$$libshutdown$$0000000B)
    __rt_entry                               0x00000301   Thumb Code     0  rtentry.o(.ARM.Collect$$rtentry$$00000000)
    __rt_entry_presh_1                       0x00000301   Thumb Code     0  rtentry2.o(.ARM.Collect$$rtentry$$00000002)
    __rt_entry_sh                            0x00000301   Thumb Code     0  rtentry4.o(.ARM.Collect$$rtentry$$00000004)
    __rt_entry_li                            0x00000307   Thumb Code     0  rtentry2.o(.ARM.Collect$$rtentry$$0000000A)
    __rt_entry_postsh_1                      0x00000307   Thumb Code     0  rtentry2.o(.ARM.Collect$$rtentry$$00000009)
    __rt_entry_main                          0x0000030b   Thumb Code     0  rtentry2.o(.ARM.Collect$$rtentry$$0000000D)
    __rt_entry_postli_1                      0x0000030b   Thumb Code     0  rtentry2.o(.ARM.Collect$$rtentry$$0000000C)
    __rt_exit                                0x00000313   Thumb Code     0  rtexit.o(.ARM.Collect$$rtexit$$00000000)
    __rt_exit_ls                             0x00000315   Thumb Code     0  rtexit2.o(.ARM.Collect$$rtexit$$00000003)
    __rt_exit_prels_1                        0x00000315   Thumb Code     0  rtexit2.o(.ARM.Collect$$rtexit$$00000002)
    __rt_exit_exit                           0x00000319   Thumb Code     0  rtexit2.o(.ARM.Collect$$rtexit$$00000004)
    DisableInterrupts                        0x00000321   Thumb Code     0  startup.o(.text)
    EnableInterrupts                         0x00000325   Thumb Code     0  startup.o(.text)
    StartCritical                            0x00000329   Thumb Code     0  startup.o(.text)
    EndCritical                              0x00000331   Thumb Code     0  startup.o(.text)
    WaitForInterrupt                         0x00000337   Thumb Code     0  startup.o(.text)
    __user_initial_stackheap                 0x0000033b   Thumb Code     0  startup.o(.text)
    Random_Init                              0x00000351   Thumb Code     0  random.o(.text)
    Random32                                 0x0000035b   Thumb Code     2  random.o(.text)
    Random                                   0x0000036d   Thumb Code     2  random.o(.text)
    writecommand                             0x00000391   Thumb Code     0  lcd.o(.text)
    writedata                                0x000003b9   Thumb Code     0  lcd.o(.text)
    __use_two_region_memory                  0x000003e1   Thumb Code     2  heapauxi.o(.text)
    __rt_heap_escrow$2region                 0x000003e3   Thumb Code     2  heapauxi.o(.text)
    __rt_heap_expand$2region                 0x000003e5   Thumb Code     2  heapauxi.o(.text)
    __user_setup_stackheap                   0x000003e7   Thumb Code    74  sys_stackheap_outer.o(.text)
    exit                                     0x00000431   Thumb Code    12  exit.o(.text)
    __user_libspace                          0x0000043d   Thumb Code     8  libspace.o(.text)
    __user_perproc_libspace                  0x0000043d   Thumb Code     0  libspace.o(.text)
    __user_perthread_libspace                0x0000043d   Thumb Code     0  libspace.o(.text)
    _sys_exit                                0x00000445   Thumb Code     8  sys_exit.o(.text)
    __I$use$semihosting                      0x00000451   Thumb Code     0  use_no_semi.o(.text)
    __use_no_semihosting_swi                 0x00000451   Thumb Code     2  use_no_semi.o(.text)
    __semihosting_library_function           0x00000453   Thumb Code     0  indicate_semi.o(.text)
    ADC_In                                   0x00000455   Thumb Code    68  adc.o(i.ADC_In)
    ADC_Init                                 0x000004a5   Thumb Code   218  adc.o(i.ADC_Init)
    Check_Gun_Buttons                        0x000005a1   Thumb Code   410  spaceinvaders.o(i.Check_Gun_Buttons)
    Create_Bullet                            0x0000076d   Thumb Code    38  spaceinvaders.o(i.Create_Bullet)
    Create_Enemy                             0x00000799   Thumb Code    48  spaceinvaders.o(i.Create_Enemy)
    DAC_Out                                  0x000007cd   Thumb Code     6  dac.o(i.DAC_Out)
    Delay100ms                               0x000007d9   Thumb Code    30  spaceinvaders.o(i.Delay100ms)
    Delay1ms                                 0x000007fd   Thumb Code    32  st7735.o(i.Delay1ms)
    Enemy_Track                              0x0000081d   Thumb Code   796  spaceinvaders.o(i.Enemy_Track)
    Input_Joystick                           0x00000b41   Thumb Code    16  spaceinvaders.o(i.Input_Joystick)
    Input_PlayerMove                         0x00000b59   Thumb Code   214  spaceinvaders.o(i.Input_PlayerMove)
    LCD_RemoveBullet                         0x00000c5d   Thumb Code    28  spaceinvaders.o(i.LCD_RemoveBullet)
    LCD_RemoveChar                           0x00000c79   Thumb Code    28  spaceinvaders.o(i.LCD_RemoveChar)
    Move_Bullets                             0x00000c95   Thumb Code   528  spaceinvaders.o(i.Move_Bullets)
    Move_Enemies                             0x00000eb9   Thumb Code   148  spaceinvaders.o(i.Move_Enemies)
    Output_Init                              0x00000f55   Thumb Code    16  st7735.o(i.Output_Init)
    PLL_Init                                 0x00000f65   Thumb Code   118  pll.o(i.PLL_Init)
    PlayerMove                               0x00000fe1   Thumb Code   930  spaceinvaders.o(i.PlayerMove)
    PortD_Init                               0x000013ad   Thumb Code    94  spaceinvaders.o(i.PortD_Init)
    Print_Char                               0x0000141d   Thumb Code    32  spaceinvaders.o(i.Print_Char)
    ST7735_DrawBitmap                        0x0000143d   Thumb Code   280  st7735.o(i.ST7735_DrawBitmap)
    ST7735_DrawCharS                         0x0000155d   Thumb Code   232  st7735.o(i.ST7735_DrawCharS)
    ST7735_DrawPixel                         0x00001651   Thumb Code    64  st7735.o(i.ST7735_DrawPixel)
    ST7735_DrawString                        0x00001699   Thumb Code    86  st7735.o(i.ST7735_DrawString)
    ST7735_FillRect                          0x000016f1   Thumb Code   164  st7735.o(i.ST7735_FillRect)
    ST7735_FillScreen                        0x0000179d   Thumb Code    28  st7735.o(i.ST7735_FillScreen)
    ST7735_InitR                             0x000017c1   Thumb Code    90  st7735.o(i.ST7735_InitR)
    ST7735_OutChar                           0x0000183d   Thumb Code   176  st7735.o(i.ST7735_OutChar)
    ST7735_OutString                         0x00001911   Thumb Code    24  st7735.o(i.ST7735_OutString)
    ST7735_SetCursor                         0x00001929   Thumb Code    22  st7735.o(i.ST7735_SetCursor)
    Scoreboard_Update                        0x00001949   Thumb Code   124  spaceinvaders.o(i.Scoreboard_Update)
    Sound_Killed                             0x000019d9   Thumb Code    14  sound.o(i.Sound_Killed)
    Sound_Play                               0x000019ed   Thumb Code    22  sound.o(i.Sound_Play)
    Spawn_Enemies                            0x00001a09   Thumb Code   338  spaceinvaders.o(i.Spawn_Enemies)
    SysTick_Handler                          0x00001b95   Thumb Code    48  sound.o(i.SysTick_Handler)
    Timer0A_Handler                          0x00001bcd   Thumb Code    16  sound.o(i.Timer0A_Handler)
    Timer1A_Handler                          0x00001be5   Thumb Code    16  timer1.o(i.Timer1A_Handler)
    Timer1_Init                              0x00001bfd   Thumb Code    76  timer1.o(i.Timer1_Init)
    bullet_collision                         0x00001c5d   Thumb Code   230  spaceinvaders.o(i.bullet_collision)
    bullet_init                              0x00001d45   Thumb Code    58  spaceinvaders.o(i.bullet_init)
    char_init                                0x00001d89   Thumb Code    52  spaceinvaders.o(i.char_init)
    enemy_collision                          0x00001fad   Thumb Code   228  spaceinvaders.o(i.enemy_collision)
    enemy_init                               0x00002091   Thumb Code    96  spaceinvaders.o(i.enemy_init)
    main                                     0x000020fd   Thumb Code   658  spaceinvaders.o(i.main)
    shoot                                    0x00002460   Data        4080  sound.o(.constdata)
    invaderkilled                            0x00003450   Data        3377  sound.o(.constdata)
    explosion                                0x00004181   Data        2000  sound.o(.constdata)
    StartMenu                                0x00004952   Data       40960  spaceinvaders.o(.constdata)
    Map                                      0x0000e952   Data       40960  spaceinvaders.o(.constdata)
    LeftEnemy                                0x00018952   Data         544  spaceinvaders.o(.constdata)
    RightEnemy                               0x00018b72   Data         544  spaceinvaders.o(.constdata)
    Sprite_Bullet                            0x00018d92   Data          72  spaceinvaders.o(.constdata)
    Sprite_PlayerDown                        0x00018dda   Data         544  spaceinvaders.o(.constdata)
    Sprite_PlayerLeft                        0x00018ffa   Data         544  spaceinvaders.o(.constdata)
    Sprite_PlayerRight                       0x0001921a   Data         544  spaceinvaders.o(.constdata)
    Sprite_PlayerUp                          0x0001943a   Data         544  spaceinvaders.o(.constdata)
    tar                                      0x0001965a   Data         162  spaceinvaders.o(.constdata)
    gun                                      0x000196fc   Data         162  spaceinvaders.o(.constdata)
    rapidfire                                0x0001979e   Data         162  spaceinvaders.o(.constdata)
    shoe                                     0x00019840   Data         162  spaceinvaders.o(.constdata)
    one                                      0x000198e2   Data         832  spaceinvaders.o(.constdata)
    two                                      0x00019c22   Data         832  spaceinvaders.o(.constdata)
    three                                    0x00019f62   Data         832  spaceinvaders.o(.constdata)
    WinScreenBright                          0x0001a2a2   Data       40960  spaceinvaders.o(.constdata)
    WinScreenDim                             0x000242a2   Data       40960  spaceinvaders.o(.constdata)
    dBfs                                     0x0002e884   Data         512  st7735.o(.constdata)
    Region$$Table$$Base                      0x0002ea84   Number         0  anon$$obj.o(Region$$Table)
    Region$$Table$$Limit                     0x0002eaa4   Number         0  anon$$obj.o(Region$$Table)
    PeriodicTask1                            0x20000000   Data           4  timer1.o(.data)
    SoundPeriod                              0x20000004   Data           4  sound.o(.data)
    PeriodicTask0                            0x20000008   Data           4  sound.o(.data)
    i                                        0x2000000c   Data           4  sound.o(.data)
    UP                                       0x20000010   Data           4  spaceinvaders.o(.data)
    DOWN                                     0x20000014   Data           4  spaceinvaders.o(.data)
    LEFT                                     0x20000018   Data           4  spaceinvaders.o(.data)
    RIGHT                                    0x2000001c   Data           4  spaceinvaders.o(.data)
    UPRIGHT                                  0x20000020   Data           4  spaceinvaders.o(.data)
    UPLEFT                                   0x20000024   Data           4  spaceinvaders.o(.data)
    DOWNRIGHT                                0x20000028   Data           4  spaceinvaders.o(.data)
    DOWNLEFT                                 0x2000002c   Data           4  spaceinvaders.o(.data)
    STAY                                     0x20000030   Data           4  spaceinvaders.o(.data)
    ADCStatus                                0x20000034   Data           4  spaceinvaders.o(.data)
    Move                                     0x20000038   Data           8  spaceinvaders.o(.data)
    speed_n                                  0x20000040   Data           4  spaceinvaders.o(.data)
    bullet_count                             0x20000044   Data           4  spaceinvaders.o(.data)
    Gate                                     0x20000048   Data           4  spaceinvaders.o(.data)
    xpos                                     0x2000004c   Data           4  spaceinvaders.o(.data)
    ypos                                     0x20000050   Data           4  spaceinvaders.o(.data)
    Num_Enemies                              0x20000054   Data           4  spaceinvaders.o(.data)
    South_status                             0x20000058   Data           4  spaceinvaders.o(.data)
    South_count                              0x2000005c   Data           4  spaceinvaders.o(.data)
    East_status                              0x20000060   Data           4  spaceinvaders.o(.data)
    East_count                               0x20000064   Data           4  spaceinvaders.o(.data)
    North_status                             0x20000068   Data           4  spaceinvaders.o(.data)
    North_count                              0x2000006c   Data           4  spaceinvaders.o(.data)
    West_status                              0x20000070   Data           4  spaceinvaders.o(.data)
    West_count                               0x20000074   Data           4  spaceinvaders.o(.data)
    count_down                               0x20000078   Data           4  spaceinvaders.o(.data)
    count_up                                 0x2000007c   Data           4  spaceinvaders.o(.data)
    count_left                               0x20000080   Data           4  spaceinvaders.o(.data)
    count_right                              0x20000084   Data           4  spaceinvaders.o(.data)
    P_Type                                   0x20000088   Data           4  spaceinvaders.o(.data)
    p_count                                  0x2000008c   Data           4  spaceinvaders.o(.data)
    enemy_status                             0x20000090   Data           4  spaceinvaders.o(.data)
    Power_On                                 0x20000094   Data           4  spaceinvaders.o(.data)
    P_Type1                                  0x20000098   Data           4  spaceinvaders.o(.data)
    Spawn_Timer                              0x2000009c   Data           4  spaceinvaders.o(.data)
    Spawn_Set                                0x200000a0   Data           4  spaceinvaders.o(.data)
    Power_On_Timer                           0x200000a4   Data           4  spaceinvaders.o(.data)
    walk                                     0x200000a8   Data           4  spaceinvaders.o(.data)
    hundreds                                 0x200000ac   Data           4  spaceinvaders.o(.data)
    tens                                     0x200000b0   Data           4  spaceinvaders.o(.data)
    ones                                     0x200000b4   Data           4  spaceinvaders.o(.data)
    killed                                   0x200000b8   Data           4  spaceinvaders.o(.data)
    Move_Set                                 0x200000bc   Data           4  spaceinvaders.o(.data)
    Move_Timer                               0x200000c0   Data           4  spaceinvaders.o(.data)
    check                                    0x200000c4   Data           4  spaceinvaders.o(.data)
    StX                                      0x200000c8   Data           4  st7735.o(.data)
    StY                                      0x200000cc   Data           4  st7735.o(.data)
    StTextColor                              0x200000d0   Data           2  st7735.o(.data)
    lastj                                    0x200000d8   Data           4  st7735.o(.data)
    Messageindex                             0x200000e0   Data           4  st7735.o(.data)
    Ymax                                     0x200000e4   Data           4  st7735.o(.data)
    Ymin                                     0x200000e8   Data           4  st7735.o(.data)
    X                                        0x200000ec   Data           4  st7735.o(.data)
    Yrange                                   0x200000f0   Data           4  st7735.o(.data)
    sound                                    0x200000f8   Data          12  sound.o(.bss)
    Player                                   0x20000104   Data          28  spaceinvaders.o(.bss)
    Enemies                                  0x20000120   Data         280  spaceinvaders.o(.bss)
    Bullets                                  0x20000238   Data         160  spaceinvaders.o(.bss)
    Power                                    0x200002d8   Data         128  spaceinvaders.o(.bss)
    __libspace_start                         0x20000358   Data          96  libspace.o(.bss)
    __temporary_stack_top$libspace           0x200003b8   Data           0  libspace.o(.bss)



==============================================================================

Memory Map of the image

  Image Entry point : 0x0000026d

  Load Region LR_1 (Base: 0x00000000, Size: 0x0002eb9c, Max: 0xffffffff, ABSOLUTE)

    Execution Region ER_RO (Base: 0x00000000, Size: 0x0002eaa4, Max: 0xffffffff, ABSOLUTE)

    Base Addr    Size         Type   Attr      Idx    E Section Name        Object

    0x00000000   0x00000284   Code   RO            3  * RESET               startup.o
    0x00000284   0x00000008   Code   RO          655  * !!!main             c_w.l(__main.o)
    0x0000028c   0x00000034   Code   RO          809    !!!scatter          c_w.l(__scatter.o)
    0x000002c0   0x0000001a   Code   RO          811    !!handler_copy      c_w.l(__scatter_copy.o)
    0x000002da   0x00000002   PAD
    0x000002dc   0x0000001c   Code   RO          813    !!handler_zi        c_w.l(__scatter_zi.o)
    0x000002f8   0x00000002   Code   RO          682    .ARM.Collect$$libinit$$00000000  c_w.l(libinit.o)
    0x000002fa   0x00000000   Code   RO          689    .ARM.Collect$$libinit$$00000002  c_w.l(libinit2.o)
    0x000002fa   0x00000000   Code   RO          692    .ARM.Collect$$libinit$$00000008  c_w.l(libinit2.o)
    0x000002fa   0x00000000   Code   RO          694    .ARM.Collect$$libinit$$0000000A  c_w.l(libinit2.o)
    0x000002fa   0x00000000   Code   RO          696    .ARM.Collect$$libinit$$0000000C  c_w.l(libinit2.o)
    0x000002fa   0x00000000   Code   RO          699    .ARM.Collect$$libinit$$0000000F  c_w.l(libinit2.o)
    0x000002fa   0x00000000   Code   RO          701    .ARM.Collect$$libinit$$00000011  c_w.l(libinit2.o)
    0x000002fa   0x00000000   Code   RO          703    .ARM.Collect$$libinit$$00000013  c_w.l(libinit2.o)
    0x000002fa   0x00000000   Code   RO          705    .ARM.Collect$$libinit$$00000015  c_w.l(libinit2.o)
    0x000002fa   0x00000000   Code   RO          707    .ARM.Collect$$libinit$$00000017  c_w.l(libinit2.o)
    0x000002fa   0x00000000   Code   RO          709    .ARM.Collect$$libinit$$00000019  c_w.l(libinit2.o)
    0x000002fa   0x00000000   Code   RO          711    .ARM.Collect$$libinit$$0000001B  c_w.l(libinit2.o)
    0x000002fa   0x00000000   Code   RO          713    .ARM.Collect$$libinit$$0000001D  c_w.l(libinit2.o)
    0x000002fa   0x00000000   Code   RO          715    .ARM.Collect$$libinit$$0000001F  c_w.l(libinit2.o)
    0x000002fa   0x00000000   Code   RO          717    .ARM.Collect$$libinit$$00000021  c_w.l(libinit2.o)
    0x000002fa   0x00000000   Code   RO          719    .ARM.Collect$$libinit$$00000023  c_w.l(libinit2.o)
    0x000002fa   0x00000000   Code   RO          723    .ARM.Collect$$libinit$$0000002A  c_w.l(libinit2.o)
    0x000002fa   0x00000000   Code   RO          725    .ARM.Collect$$libinit$$0000002C  c_w.l(libinit2.o)
    0x000002fa   0x00000000   Code   RO          727    .ARM.Collect$$libinit$$0000002E  c_w.l(libinit2.o)
    0x000002fa   0x00000000   Code   RO          729    .ARM.Collect$$libinit$$00000030  c_w.l(libinit2.o)
    0x000002fa   0x00000002   Code   RO          730    .ARM.Collect$$libinit$$00000031  c_w.l(libinit2.o)
    0x000002fc   0x00000002   Code   RO          750    .ARM.Collect$$libshutdown$$00000000  c_w.l(libshutdown.o)
    0x000002fe   0x00000000   Code   RO          764    .ARM.Collect$$libshutdown$$00000003  c_w.l(libshutdown2.o)
    0x000002fe   0x00000000   Code   RO          767    .ARM.Collect$$libshutdown$$00000006  c_w.l(libshutdown2.o)
    0x000002fe   0x00000000   Code   RO          770    .ARM.Collect$$libshutdown$$00000009  c_w.l(libshutdown2.o)
    0x000002fe   0x00000000   Code   RO          772    .ARM.Collect$$libshutdown$$0000000B  c_w.l(libshutdown2.o)
    0x000002fe   0x00000000   Code   RO          775    .ARM.Collect$$libshutdown$$0000000E  c_w.l(libshutdown2.o)
    0x000002fe   0x00000002   Code   RO          776    .ARM.Collect$$libshutdown$$0000000F  c_w.l(libshutdown2.o)
    0x00000300   0x00000000   Code   RO          657    .ARM.Collect$$rtentry$$00000000  c_w.l(rtentry.o)
    0x00000300   0x00000000   Code   RO          659    .ARM.Collect$$rtentry$$00000002  c_w.l(rtentry2.o)
    0x00000300   0x00000006   Code   RO          671    .ARM.Collect$$rtentry$$00000004  c_w.l(rtentry4.o)
    0x00000306   0x00000000   Code   RO          661    .ARM.Collect$$rtentry$$00000009  c_w.l(rtentry2.o)
    0x00000306   0x00000004   Code   RO          662    .ARM.Collect$$rtentry$$0000000A  c_w.l(rtentry2.o)
    0x0000030a   0x00000000   Code   RO          664    .ARM.Collect$$rtentry$$0000000C  c_w.l(rtentry2.o)
    0x0000030a   0x00000008   Code   RO          665    .ARM.Collect$$rtentry$$0000000D  c_w.l(rtentry2.o)
    0x00000312   0x00000002   Code   RO          686    .ARM.Collect$$rtexit$$00000000  c_w.l(rtexit.o)
    0x00000314   0x00000000   Code   RO          732    .ARM.Collect$$rtexit$$00000002  c_w.l(rtexit2.o)
    0x00000314   0x00000004   Code   RO          733    .ARM.Collect$$rtexit$$00000003  c_w.l(rtexit2.o)
    0x00000318   0x00000006   Code   RO          734    .ARM.Collect$$rtexit$$00000004  c_w.l(rtexit2.o)
    0x0000031e   0x00000002   PAD
    0x00000320   0x00000030   Code   RO            4    .text               startup.o
    0x00000350   0x00000040   Code   RO           13    .text               random.o
    0x00000390   0x00000050   Code   RO          148    .text               lcd.o
    0x000003e0   0x00000006   Code   RO          653    .text               c_w.l(heapauxi.o)
    0x000003e6   0x0000004a   Code   RO          673    .text               c_w.l(sys_stackheap_outer.o)
    0x00000430   0x0000000c   Code   RO          675    .text               c_w.l(exit.o)
    0x0000043c   0x00000008   Code   RO          683    .text               c_w.l(libspace.o)
    0x00000444   0x0000000c   Code   RO          742    .text               c_w.l(sys_exit.o)
    0x00000450   0x00000002   Code   RO          753    .text               c_w.l(use_no_semi.o)
    0x00000452   0x00000000   Code   RO          755    .text               c_w.l(indicate_semi.o)
    0x00000452   0x00000002   PAD
    0x00000454   0x00000050   Code   RO           41    i.ADC_In            adc.o
    0x000004a4   0x000000fc   Code   RO           42    i.ADC_Init          adc.o
    0x000005a0   0x000001cc   Code   RO          154    i.Check_Gun_Buttons  spaceinvaders.o
    0x0000076c   0x0000002c   Code   RO          155    i.Create_Bullet     spaceinvaders.o
    0x00000798   0x00000034   Code   RO          156    i.Create_Enemy      spaceinvaders.o
    0x000007cc   0x0000000c   Code   RO           17    i.DAC_Out           dac.o
    0x000007d8   0x00000024   Code   RO          157    i.Delay100ms        spaceinvaders.o
    0x000007fc   0x00000020   Code   RO          376    i.Delay1ms          st7735.o
    0x0000081c   0x00000324   Code   RO          159    i.Enemy_Track       spaceinvaders.o
    0x00000b40   0x00000018   Code   RO          160    i.Input_Joystick    spaceinvaders.o
    0x00000b58   0x00000104   Code   RO          161    i.Input_PlayerMove  spaceinvaders.o
    0x00000c5c   0x0000001c   Code   RO          162    i.LCD_RemoveBullet  spaceinvaders.o
    0x00000c78   0x0000001c   Code   RO          163    i.LCD_RemoveChar    spaceinvaders.o
    0x00000c94   0x00000224   Code   RO          165    i.Move_Bullets      spaceinvaders.o
    0x00000eb8   0x0000009c   Code   RO          166    i.Move_Enemies      spaceinvaders.o
    0x00000f54   0x00000010   Code   RO          379    i.Output_Init       st7735.o
    0x00000f64   0x0000007c   Code   RO          639    i.PLL_Init          pll.o
    0x00000fe0   0x000003cc   Code   RO          168    i.PlayerMove        spaceinvaders.o
    0x000013ac   0x00000070   Code   RO          170    i.PortD_Init        spaceinvaders.o
    0x0000141c   0x00000020   Code   RO          175    i.Print_Char        spaceinvaders.o
    0x0000143c   0x00000120   Code   RO          383    i.ST7735_DrawBitmap  st7735.o
    0x0000155c   0x000000f4   Code   RO          385    i.ST7735_DrawCharS  st7735.o
    0x00001650   0x00000048   Code   RO          388    i.ST7735_DrawPixel  st7735.o
    0x00001698   0x00000056   Code   RO          389    i.ST7735_DrawString  st7735.o
    0x000016ee   0x00000002   PAD
    0x000016f0   0x000000ac   Code   RO          390    i.ST7735_FillRect   st7735.o
    0x0000179c   0x00000024   Code   RO          391    i.ST7735_FillScreen  st7735.o
    0x000017c0   0x0000007c   Code   RO          393    i.ST7735_InitR      st7735.o
    0x0000183c   0x000000d4   Code   RO          395    i.ST7735_OutChar    st7735.o
    0x00001910   0x00000018   Code   RO          396    i.ST7735_OutString  st7735.o
    0x00001928   0x00000020   Code   RO          406    i.ST7735_SetCursor  st7735.o
    0x00001948   0x00000090   Code   RO          177    i.Scoreboard_Update  spaceinvaders.o
    0x000019d8   0x00000014   Code   RO           82    i.Sound_Killed      sound.o
    0x000019ec   0x0000001c   Code   RO           83    i.Sound_Play        sound.o
    0x00001a08   0x0000018c   Code   RO          178    i.Spawn_Enemies     spaceinvaders.o
    0x00001b94   0x00000038   Code   RO           85    i.SysTick_Handler   sound.o
    0x00001bcc   0x00000018   Code   RO           86    i.Timer0A_Handler   sound.o
    0x00001be4   0x00000018   Code   RO           59    i.Timer1A_Handler   timer1.o
    0x00001bfc   0x00000060   Code   RO           60    i.Timer1_Init       timer1.o
    0x00001c5c   0x000000e6   Code   RO          180    i.bullet_collision  spaceinvaders.o
    0x00001d42   0x00000002   PAD
    0x00001d44   0x00000044   Code   RO          181    i.bullet_init       spaceinvaders.o
    0x00001d88   0x00000048   Code   RO          182    i.char_init         spaceinvaders.o
    0x00001dd0   0x00000056   Code   RO          410    i.commandList       st7735.o
    0x00001e26   0x00000002   PAD
    0x00001e28   0x00000184   Code   RO          411    i.commonInit        st7735.o
    0x00001fac   0x000000e4   Code   RO          183    i.enemy_collision   spaceinvaders.o
    0x00002090   0x0000006c   Code   RO          184    i.enemy_init        spaceinvaders.o
    0x000020fc   0x000002dc   Code   RO          185    i.main              spaceinvaders.o
    0x000023d8   0x00000012   Code   RO          416    i.pushColor         st7735.o
    0x000023ea   0x00000002   PAD
    0x000023ec   0x00000074   Code   RO          417    i.setAddrWindow     st7735.o
    0x00002460   0x000024f1   Data   RO           90    .constdata          sound.o
    0x00004951   0x00000001   PAD
    0x00004952   0x00029950   Data   RO          188    .constdata          spaceinvaders.o
    0x0002e2a2   0x000007e2   Data   RO          419    .constdata          st7735.o
    0x0002ea84   0x00000020   Data   RO          807    Region$$Table       anon$$obj.o


    Execution Region ER_RW (Base: 0x20000000, Size: 0x000000f8, Max: 0xffffffff, ABSOLUTE)

    Base Addr    Size         Type   Attr      Idx    E Section Name        Object

    0x20000000   0x00000004   Data   RW           61    .data               timer1.o
    0x20000004   0x0000000c   Data   RW           91    .data               sound.o
    0x20000010   0x000000b8   Data   RW          189    .data               spaceinvaders.o
    0x200000c8   0x0000002c   Data   RW          420    .data               st7735.o
    0x200000f4   0x00000004   Data   RW           12    DATA                random.o


    Execution Region ER_ZI (Base: 0x200000f8, Size: 0x000006c0, Max: 0xffffffff, ABSOLUTE)

    Base Addr    Size         Type   Attr      Idx    E Section Name        Object

    0x200000f8   0x0000000c   Zero   RW           89    .bss                sound.o
    0x20000104   0x00000254   Zero   RW          187    .bss                spaceinvaders.o
    0x20000358   0x00000060   Zero   RW          684    .bss                c_w.l(libspace.o)
    0x200003b8   0x00000000   Zero   RW            2    HEAP                startup.o
    0x200003b8   0x00000400   Zero   RW            1    STACK               startup.o


==============================================================================

Image component sizes


      Code (inc. data)   RO Data    RW Data    ZI Data      Debug   Object Name

       332         46          0          0          0        912   adc.o
        12          6          0          0          0       4662   dac.o
        80         12          0          0          0        228   lcd.o
       124          6          0          0          0        439   pll.o
        64         14          0          4          0        224   random.o
       128         28       9457         12         12       2826   sound.o
      5534        410     170320        184        596      19030   spaceinvaders.o
      1946        182       2018         44          0      12692   st7735.o
       692        632          0          0       1024        956   startup.o
       120         28          0          4          0       1408   timer1.o

    ----------------------------------------------------------------------
      9040       1364     181828        248       1632      43377   Object Totals
         0          0         32          0          0          0   (incl. Generated)
         8          0          1          0          0          0   (incl. Padding)

    ----------------------------------------------------------------------

      Code (inc. data)   RO Data    RW Data    ZI Data      Debug   Library Member Name

         8          0          0          0          0         68   __main.o
        52          8          0          0          0          0   __scatter.o
        26          0          0          0          0          0   __scatter_copy.o
        28          0          0          0          0          0   __scatter_zi.o
        12          0          0          0          0         72   exit.o
         6          0          0          0          0        152   heapauxi.o
         0          0          0          0          0          0   indicate_semi.o
         2          0          0          0          0          0   libinit.o
         2          0          0          0          0          0   libinit2.o
         2          0          0          0          0          0   libshutdown.o
         2          0          0          0          0          0   libshutdown2.o
         8          4          0          0         96         68   libspace.o
         0          0          0          0          0          0   rtentry.o
        12          0          0          0          0          0   rtentry2.o
         6          0          0          0          0          0   rtentry4.o
         2          0          0          0          0          0   rtexit.o
        10          0          0          0          0          0   rtexit2.o
        12          4          0          0          0         68   sys_exit.o
        74          0          0          0          0         80   sys_stackheap_outer.o
         2          0          0          0          0         68   use_no_semi.o

    ----------------------------------------------------------------------
       272         16          0          0         96        576   Library Totals
         6          0          0          0          0          0   (incl. Padding)

    ----------------------------------------------------------------------

      Code (inc. data)   RO Data    RW Data    ZI Data      Debug   Library Name

       266         16          0          0         96        576   c_w.l

    ----------------------------------------------------------------------
       272         16          0          0         96        576   Library Totals

    ----------------------------------------------------------------------

==============================================================================


      Code (inc. data)   RO Data    RW Data    ZI Data      Debug   

      9312       1380     181828        248       1728      41301   Grand Totals
      9312       1380     181828        248       1728      41301   ELF Image Totals
      9312       1380     181828        248          0          0   ROM Totals

==============================================================================

    Total RO  Size (Code + RO Data)               191140 ( 186.66kB)
    Total RW  Size (RW Data + ZI Data)              1976 (   1.93kB)
    Total ROM Size (Code + RO Data + RW Data)     191388 ( 186.90kB)

==============================================================================

